WARNING: A terminally deprecated method in sun.misc.Unsafe has been called
WARNING: sun.misc.Unsafe::staticFieldBase has been called by com.google.inject.internal.aop.HiddenClassDefiner (file:/root/.m2/wrapper/dists/apache-maven-3.9.11/a2d47e15/lib/guice-5.1.0-classes.jar)
WARNING: Please consider reporting this to the maintainers of class com.google.inject.internal.aop.HiddenClassDefiner
WARNING: sun.misc.Unsafe::staticFieldBase will be removed in a future release
[INFO] Scanning for projects...
[INFO] 
[INFO] ---------------------< biz.ugur:bus-route-backend >---------------------
[INFO] Building Bus Route Planning System 0.0.1
[INFO]   from pom.xml
[INFO] --------------------------------[ jar ]---------------------------------
[INFO] 
[INFO] >>> spring-boot:3.5.3:run (default-cli) > test-compile @ bus-route-backend >>>
[INFO] 
[INFO] --- jacoco:0.8.14:prepare-agent (default) @ bus-route-backend ---
[INFO] argLine set to -javaagent:/root/.m2/repository/org/jacoco/org.jacoco.agent/0.8.14/org.jacoco.agent-0.8.14-runtime.jar=destfile=/home/developer/projects/bus/ugur_v4/bus-route-backend/target/jacoco.exec,excludes=biz\\ugur\\busroutebackend\\admin\\**:biz\\ugur\\busroutebackend\\client\\**:biz\\ugur\\busroutebackend\\geospatial\\**:biz\\ugur\\busroutebackend\\interfaces\\**:biz\\ugur\\busroutebackend\\routing\\**:biz\\ugur\\busroutebackend\\shared\\**:biz\\ugur\\busroutebackend\\transport\\**:biz\\ugur\\busroutebackend\\BusRouteBackendApplication.class
[INFO] 
[INFO] --- resources:3.3.1:resources (default-resources) @ bus-route-backend ---
[INFO] Copying 4 resources from src/main/resources to target/classes
[INFO] Copying 26 resources from src/main/resources to target/classes
[INFO] 
[INFO] --- compiler:3.14.0:compile (default-compile) @ bus-route-backend ---
[INFO] Nothing to compile - all classes are up to date.
[INFO] 
[INFO] --- resources:3.3.1:testResources (default-testResources) @ bus-route-backend ---
[INFO] skip non existing resourceDirectory /home/developer/projects/bus/ugur_v4/bus-route-backend/src/test/resources
[INFO] 
[INFO] --- compiler:3.14.0:testCompile (default-testCompile) @ bus-route-backend ---
[INFO] Recompiling the module because of changed dependency.
[INFO] Compiling 26 source files with javac [debug parameters release 24] to target/test-classes
[INFO] /home/developer/projects/bus/ugur_v4/bus-route-backend/src/test/java/biz/ugur/busroutebackend/banner/application/usecase/admin/GetBannersWithPaginationUseCaseTest.java: Some input files use unchecked or unsafe operations.
[INFO] /home/developer/projects/bus/ugur_v4/bus-route-backend/src/test/java/biz/ugur/busroutebackend/banner/application/usecase/admin/GetBannersWithPaginationUseCaseTest.java: Recompile with -Xlint:unchecked for details.
[INFO] 
[INFO] <<< spring-boot:3.5.3:run (default-cli) < test-compile @ bus-route-backend <<<
[INFO] 
[INFO] 
[INFO] --- spring-boot:3.5.3:run (default-cli) @ bus-route-backend ---
[INFO] Attaching agents: []

  .   ____          _            __ _ _
 /\\ / ___'_ __ _ _(_)_ __  __ _ \ \ \ \
( ( )\___ | '_ | '_| | '_ \/ _` | \ \ \ \
 \\/  ___)| |_)| | | | | || (_| |  ) ) ) )
  '  |____| .__|_| |_|_| |_\__, | / / / /
 =========|_|==============|___/=/_/_/_/

 :: Spring Boot ::                (v3.5.3)

2025-11-20 11:47:21.699 [main] INFO  b.u.b.BusRouteBackendApplication - Starting BusRouteBackendApplication using Java 25 with PID 78396 (/home/developer/projects/bus/ugur_v4/bus-route-backend/target/classes started by root in /home/developer/projects/bus/ugur_v4/bus-route-backend)
2025-11-20 11:47:21.699 [main] INFO  b.u.b.BusRouteBackendApplication - The following 1 profile is active: "dev"
2025-11-20 11:47:22.132 [main] INFO  o.s.d.r.c.RepositoryConfigurationDelegate - Multiple Spring Data modules found, entering strict repository configuration mode
2025-11-20 11:47:22.132 [main] INFO  o.s.d.r.c.RepositoryConfigurationDelegate - Bootstrapping Spring Data R2DBC repositories in DEFAULT mode.
2025-11-20 11:47:22.137 [main] INFO  o.s.d.r.c.RepositoryConfigurationDelegate - Finished Spring Data repository scanning in 2 ms. Found 0 R2DBC repository interfaces.
2025-11-20 13:48:13.492 [main] INFO  o.s.d.r.c.RepositoryConfigurationDelegate - Multiple Spring Data modules found, entering strict repository configuration mode
2025-11-20 13:48:13.492 [main] INFO  o.s.d.r.c.RepositoryConfigurationDelegate - Bootstrapping Spring Data R2DBC repositories in DEFAULT mode.
2025-11-20 11:47:22.386 [main] INFO  o.s.d.r.c.RepositoryConfigurationDelegate - Finished Spring Data repository scanning in 15 ms. Found 0 R2DBC repository interfaces.
2025-11-20 11:47:22.390 [main] INFO  o.s.d.r.c.RepositoryConfigurationDelegate - Multiple Spring Data modules found, entering strict repository configuration mode
2025-11-20 11:47:22.391 [main] INFO  o.s.d.r.c.RepositoryConfigurationDelegate - Bootstrapping Spring Data Redis repositories in DEFAULT mode.
2025-11-20 11:47:22.403 [main] INFO  o.s.d.r.c.RepositoryConfigurationDelegate - Finished Spring Data repository scanning in 8 ms. Found 0 Redis repository interfaces.
WARNING: A terminally deprecated method in sun.misc.Unsafe has been called
WARNING: sun.misc.Unsafe::allocateMemory has been called by io.netty.util.internal.PlatformDependent0$2 (file:/root/.m2/repository/io/netty/netty-common/4.1.122.Final/netty-common-4.1.122.Final.jar)
WARNING: Please consider reporting this to the maintainers of class io.netty.util.internal.PlatformDependent0$2
WARNING: sun.misc.Unsafe::allocateMemory will be removed in a future release
WARNING: A restricted method in java.lang.System has been called
WARNING: java.lang.System::loadLibrary has been called by io.netty.util.internal.NativeLibraryUtil in an unnamed module (file:/root/.m2/repository/io/netty/netty-common/4.1.122.Final/netty-common-4.1.122.Final.jar)
WARNING: Use --enable-native-access=ALL-UNNAMED to avoid a warning for callers in this module
WARNING: Restricted methods will be blocked in a future release unless native access is enabled

2025-11-20 11:47:22.993 [main] INFO  b.u.b.g.i.c.GeospatialServiceInitializer - Initializing geospatial services in value objects...
2025-11-20 11:47:22.993 [main] INFO  b.u.b.g.i.c.GeospatialServiceInitializer - ✅ Geospatial services initialization complete
2025-11-20 11:47:22.993 [main] INFO  b.u.b.g.i.c.GeospatialServiceInitializer -    - All distance calculations use centralized DistanceCalculationService
2025-11-20 11:47:22.993 [main] INFO  b.u.b.g.i.c.GeospatialServiceInitializer -    - Haversine formula: single source of truth
2025-11-20 11:47:22.993 [main] INFO  b.u.b.g.i.c.GeospatialServiceInitializer -    - Location → Coordinates migration: COMPLETED
2025-11-20 11:47:22.994 [main] INFO  b.u.b.g.i.c.GeospatialServiceInitializer -    - RoutePoint → Coordinates migration: COMPLETED
2025-11-20 11:47:23.177 [main] INFO  b.u.b.s.i.external.GpsApiClient - GpsApiClient initialized: batchSize=50, maxConcurrentBatches=3, timeWindowMinutes=3
2025-11-20 11:47:23.374 [main] INFO  b.u.b.s.i.config.WebSocketConfig - 🔌 WebSocketConfig initialized with handler: VehiclePositionHandler
2025-11-20 11:47:23.398 [main] INFO  o.s.b.a.s.r.ReactiveUserDetailsServiceAutoConfiguration - 

Using generated security password: 2ac93682-5f9c-4bbb-a392-cf3d73e8b423

2025-11-20 11:47:23.481 [main] INFO  b.u.b.c.i.s.ClientSecurityConfig - Configuring Client Security Filter Chain for /api/v1/client/** and /api/v1/mobile/**
2025-11-20 11:47:23.484 [main] INFO  b.u.b.i.i.s.IntegrationSecurityConfig - Configuring Integration Security Filter Chain for external API token authentication
2025-11-20 11:47:23.500 [main] INFO  b.u.b.s.i.config.CorrelationConfig - Initializing Correlation ID Generator
2025-11-20 11:47:23.500 [main] INFO  b.u.b.s.i.config.CorrelationConfig - Initializing Correlation ID Web Filter
2025-11-20 11:47:23.552 [main] INFO  b.u.b.s.i.config.WebSocketConfig - 🗺️ Registering WebSocket handler mappings...
2025-11-20 11:47:23.552 [main] INFO  b.u.b.s.i.config.WebSocketConfig - ✅ WebSocket mappings registered:
2025-11-20 11:47:23.552 [main] INFO  b.u.b.s.i.config.WebSocketConfig -    📍 /api/v1/ws/vehicle-positions -> VehiclePositionHandler
2025-11-20 11:47:23.645 [main] INFO  o.s.b.a.e.web.EndpointLinksResolver - Exposing 4 endpoints beneath base path '/actuator'
2025-11-20 11:47:23.675 [main] INFO  b.u.b.s.i.config.WebSocketConfig - 🔧 Creating WebSocketHandlerAdapter...
2025-11-20 11:47:23.676 [main] INFO  b.u.b.s.i.config.WebSocketConfig - ✅ WebSocketHandlerAdapter created successfully
2025-11-20 11:47:23.906 [main] DEBUG o.s.c.e.EventListenerMethodProcessor - 1 @EventListener methods processed on bean 'adminBootstrap': {public void biz.ugur.busroutebackend.shared.infrastructure.bootstrap.AdminBootstrap.createDefaultAdminIfNotExists()=@org.springframework.context.event.EventListener(classes={org.springframework.boot.context.event.ApplicationReadyEvent.class}, condition="", defaultExecution=true, id="", value={org.springframework.boot.context.event.ApplicationReadyEvent.class})}
2025-11-20 11:47:23.907 [main] DEBUG o.s.c.e.EventListenerMethodProcessor - 3 @EventListener methods processed on bean 'vehicleEventHandler': {public void biz.ugur.busroutebackend.transport.infrastructure.messaging.VehicleEventHandler.handleVehiclePositionUpdated(biz.ugur.busroutebackend.transport.domain.event.VehiclePositionUpdatedEvent)=@org.springframework.context.event.EventListener(classes={}, condition="", defaultExecution=true, id="", value={}), public void biz.ugur.busroutebackend.transport.infrastructure.messaging.VehicleEventHandler.handleVehicleAssignedToRoute(biz.ugur.busroutebackend.transport.domain.event.VehicleAssignedToRouteEvent)=@org.springframework.context.event.EventListener(classes={}, condition="", defaultExecution=true, id="", value={}), public void biz.ugur.busroutebackend.transport.infrastructure.messaging.VehicleEventHandler.handleVehicleRegistered(biz.ugur.busroutebackend.transport.domain.event.VehicleRegisteredEvent)=@org.springframework.context.event.EventListener(classes={biz.ugur.busroutebackend.transport.domain.event.VehicleRegisteredEvent.class}, condition="", defaultExecution=true, id="", value={biz.ugur.busroutebackend.transport.domain.event.VehicleRegisteredEvent.class})}
2025-11-20 11:47:23.908 [main] DEBUG o.s.c.e.EventListenerMethodProcessor - 1 @EventListener methods processed on bean 'vehicleDataScheduler': {public void biz.ugur.busroutebackend.transport.scheduler.VehicleDataScheduler.onApplicationReady(org.springframework.boot.context.event.ApplicationReadyEvent)=@org.springframework.context.event.EventListener(classes={org.springframework.boot.context.event.ApplicationReadyEvent.class}, condition="", defaultExecution=true, id="", value={org.springframework.boot.context.event.ApplicationReadyEvent.class})}
2025-11-20 11:47:23.930 [main] INFO  o.s.b.w.e.netty.NettyWebServer - Netty started on port 8080 (http)
2025-11-20 11:47:23.938 [main] INFO  b.u.b.BusRouteBackendApplication - Started BusRouteBackendApplication in 2.47 seconds (process running for 2.582)
2025-11-20 11:47:23.940 [main] INFO  b.u.b.s.i.bootstrap.AdminBootstrap - Checking for default admin user...
2025-11-20 11:47:23.944 [main] INFO  b.u.b.s.i.bootstrap.AdminBootstrap - Creating default admin user: admin
2025-11-20 11:47:24.010 [main] INFO  b.u.b.t.s.VehicleDataScheduler - Application ready - triggering initial route sync
2025-11-20 11:47:24.102 [reactor-tcp-epoll-1] INFO  b.u.b.s.i.bootstrap.AdminBootstrap - Default admin user ensured: admin
2025-11-20 11:47:29.986 [scheduled-task-1] WARN  b.u.b.t.i.s.ResilientExternalApiServiceImpl - fetchAllVehiclePositions() is deprecated. Use fetchVehiclePositionsByIds() instead
2025-11-20 11:47:29.986 [scheduled-task-1] WARN  b.u.b.s.i.external.GpsApiClient - fetchAllVehiclePositions() called without device IDs - this requires a database call to get all device IDs
2025-11-20 11:47:29.994 [boundedElastic-2] ERROR b.u.b.t.s.VehicleDataScheduler - GPS update failed after 8ms
biz.ugur.busroutebackend.shared.infrastructure.external.GpsApiClient$GpsApiException: fetchAllVehiclePositions requires device IDs list. Use fetchVehiclePositionsByIds instead.
	at biz.ugur.busroutebackend.shared.infrastructure.external.GpsApiClient.fetchAllVehiclePositions(GpsApiClient.java:70)
	at biz.ugur.busroutebackend.transport.infrastructure.services.ResilientExternalApiServiceImpl.fetchAllVehiclePositions(ResilientExternalApiServiceImpl.java:49)
	at biz.ugur.busroutebackend.transport.scheduler.VehicleDataScheduler.updateVehiclePositions(VehicleDataScheduler.java:73)
	at java.base/jdk.internal.reflect.DirectMethodHandleAccessor.invoke(DirectMethodHandleAccessor.java:104)
	at java.base/java.lang.reflect.Method.invoke(Method.java:565)
	at org.springframework.scheduling.support.ScheduledMethodRunnable.runInternal(ScheduledMethodRunnable.java:130)
	at org.springframework.scheduling.support.ScheduledMethodRunnable.lambda$run$2(ScheduledMethodRunnable.java:124)
	at io.micrometer.observation.Observation.observe(Observation.java:498)
	at org.springframework.scheduling.support.ScheduledMethodRunnable.run(ScheduledMethodRunnable.java:124)
	at org.springframework.scheduling.config.Task$OutcomeTrackingRunnable.run(Task.java:85)
	at org.springframework.scheduling.support.DelegatingErrorHandlingRunnable.run(DelegatingErrorHandlingRunnable.java:54)
	at org.springframework.scheduling.concurrent.ReschedulingRunnable.run(ReschedulingRunnable.java:96)
	at java.base/java.util.concurrent.Executors$RunnableAdapter.call(Executors.java:545)
	at java.base/java.util.concurrent.FutureTask.run(FutureTask.java:328)
	at java.base/java.util.concurrent.ScheduledThreadPoolExecutor$ScheduledFutureTask.run(ScheduledThreadPoolExecutor.java:309)
	at java.base/java.util.concurrent.ThreadPoolExecutor.runWorker(ThreadPoolExecutor.java:1090)
	at java.base/java.util.concurrent.ThreadPoolExecutor$Worker.run(ThreadPoolExecutor.java:614)
	at java.base/java.lang.Thread.run(Thread.java:1474)
2025-11-20 11:47:33.984 [parallel-3] INFO  b.u.b.t.s.VehicleDataScheduler - Performing initial route synchronization...
2025-11-20 11:47:34.970 [reactor-http-epoll-4] INFO  b.u.b.s.i.external.BusInfoApiClient - Successfully fetched 331 bus route assignments
2025-11-20 11:47:34.971 [reactor-http-epoll-4] INFO  b.u.b.t.a.u.SyncBusRouteAssignmentsUseCase - Syncing route assignments for 331 buses - CorrelationId: CorrelationId[value=TRANS-7a95bd24]
2025-11-20 11:47:35.173 [reactor-tcp-epoll-2] INFO  b.u.b.t.a.u.SyncBusRouteAssignmentsUseCase - Route assignment sync completed: BusRouteAssignmentResult[assignedCount=5, unchangedCount=0, failedCount=0, vehicleNotFoundCount=326, routeNotFoundCount=0, processedAt=2025-11-20T08:47:35.173643704Z]
2025-11-20 11:47:35.176 [reactor-tcp-epoll-2] INFO  b.u.b.t.s.VehicleDataScheduler - Initial route sync successful: assigned=5, unassigned=0, total=2025-11-20T08:47:35.173643704Z
2025-11-20 11:47:35.176 [reactor-tcp-epoll-2] INFO  b.u.b.t.s.VehicleDataScheduler - Initial route sync completed: BusRouteAssignmentResult[assignedCount=5, unchangedCount=0, failedCount=0, vehicleNotFoundCount=326, routeNotFoundCount=0, processedAt=2025-11-20T08:47:35.173643704Z]
2025-11-20 11:47:59.978 [scheduled-task-2] INFO  b.u.b.t.s.VehicleDataScheduler - Starting scheduled bus route assignments sync
2025-11-20 11:47:59.996 [scheduled-task-3] WARN  b.u.b.t.i.s.ResilientExternalApiServiceImpl - fetchAllVehiclePositions() is deprecated. Use fetchVehiclePositionsByIds() instead
2025-11-20 11:47:59.996 [scheduled-task-3] WARN  b.u.b.s.i.external.GpsApiClient - fetchAllVehiclePositions() called without device IDs - this requires a database call to get all device IDs
2025-11-20 11:47:59.998 [boundedElastic-1] ERROR b.u.b.t.s.VehicleDataScheduler - GPS update failed after 1ms
biz.ugur.busroutebackend.shared.infrastructure.external.GpsApiClient$GpsApiException: fetchAllVehiclePositions requires device IDs list. Use fetchVehiclePositionsByIds instead.
	at biz.ugur.busroutebackend.shared.infrastructure.external.GpsApiClient.fetchAllVehiclePositions(GpsApiClient.java:70)
	at biz.ugur.busroutebackend.transport.infrastructure.services.ResilientExternalApiServiceImpl.fetchAllVehiclePositions(ResilientExternalApiServiceImpl.java:49)
	at biz.ugur.busroutebackend.transport.scheduler.VehicleDataScheduler.updateVehiclePositions(VehicleDataScheduler.java:73)
	at java.base/jdk.internal.reflect.DirectMethodHandleAccessor.invoke(DirectMethodHandleAccessor.java:104)
	at java.base/java.lang.reflect.Method.invoke(Method.java:565)
	at org.springframework.scheduling.support.ScheduledMethodRunnable.runInternal(ScheduledMethodRunnable.java:130)
	at org.springframework.scheduling.support.ScheduledMethodRunnable.lambda$run$2(ScheduledMethodRunnable.java:124)
	at io.micrometer.observation.Observation.observe(Observation.java:498)
	at org.springframework.scheduling.support.ScheduledMethodRunnable.run(ScheduledMethodRunnable.java:124)
	at org.springframework.scheduling.config.Task$OutcomeTrackingRunnable.run(Task.java:85)
	at org.springframework.scheduling.support.DelegatingErrorHandlingRunnable.run(DelegatingErrorHandlingRunnable.java:54)
	at org.springframework.scheduling.concurrent.ReschedulingRunnable.run(ReschedulingRunnable.java:96)
	at java.base/java.util.concurrent.Executors$RunnableAdapter.call(Executors.java:545)
	at java.base/java.util.concurrent.FutureTask.run(FutureTask.java:328)
	at java.base/java.util.concurrent.ScheduledThreadPoolExecutor$ScheduledFutureTask.run(ScheduledThreadPoolExecutor.java:309)
	at java.base/java.util.concurrent.ThreadPoolExecutor.runWorker(ThreadPoolExecutor.java:1090)
	at java.base/java.util.concurrent.ThreadPoolExecutor$Worker.run(ThreadPoolExecutor.java:614)
	at java.base/java.lang.Thread.run(Thread.java:1474)
2025-11-20 11:48:00.710 [reactor-http-epoll-4] INFO  b.u.b.s.i.external.BusInfoApiClient - Successfully fetched 331 bus route assignments
2025-11-20 11:48:00.711 [reactor-http-epoll-4] INFO  b.u.b.t.s.VehicleDataScheduler - Fetched 331 bus route assignments, processing...
2025-11-20 11:48:00.711 [reactor-http-epoll-4] INFO  b.u.b.t.a.u.SyncBusRouteAssignmentsUseCase - Syncing route assignments for 331 buses - CorrelationId: CorrelationId[value=TRANS-8c37c772]
2025-11-20 11:48:00.769 [reactor-tcp-epoll-3] INFO  b.u.b.t.a.u.SyncBusRouteAssignmentsUseCase - Route assignment sync completed: BusRouteAssignmentResult[assignedCount=5, unchangedCount=0, failedCount=0, vehicleNotFoundCount=326, routeNotFoundCount=0, processedAt=2025-11-20T08:48:00.769943869Z]
2025-11-20 11:48:00.770 [reactor-tcp-epoll-3] INFO  b.u.b.t.s.VehicleDataScheduler - Bus route sync completed in 790ms: BusRouteAssignmentResult[assignedCount=5, unchangedCount=0, failedCount=0, vehicleNotFoundCount=326, routeNotFoundCount=0, processedAt=2025-11-20T08:48:00.769943869Z]
2025-11-20 11:48:23.829 [reactor-tcp-epoll-3] INFO  b.u.b.s.a.MaterializedViewRefreshService - [MaterializedView] mv_active_routes_summary refreshed in 52ms
2025-11-20 11:48:29.963 [scheduled-task-5] WARN  b.u.b.t.i.s.ResilientExternalApiServiceImpl - fetchAllVehiclePositions() is deprecated. Use fetchVehiclePositionsByIds() instead
2025-11-20 11:48:29.964 [scheduled-task-5] WARN  b.u.b.s.i.external.GpsApiClient - fetchAllVehiclePositions() called without device IDs - this requires a database call to get all device IDs
2025-11-20 11:48:29.965 [boundedElastic-7] ERROR b.u.b.t.s.VehicleDataScheduler - GPS update failed after 1ms
biz.ugur.busroutebackend.shared.infrastructure.external.GpsApiClient$GpsApiException: fetchAllVehiclePositions requires device IDs list. Use fetchVehiclePositionsByIds instead.
	at biz.ugur.busroutebackend.shared.infrastructure.external.GpsApiClient.fetchAllVehiclePositions(GpsApiClient.java:70)
	at biz.ugur.busroutebackend.transport.infrastructure.services.ResilientExternalApiServiceImpl.fetchAllVehiclePositions(ResilientExternalApiServiceImpl.java:49)
	at biz.ugur.busroutebackend.transport.scheduler.VehicleDataScheduler.updateVehiclePositions(VehicleDataScheduler.java:73)
	at java.base/jdk.internal.reflect.DirectMethodHandleAccessor.invoke(DirectMethodHandleAccessor.java:104)
	at java.base/java.lang.reflect.Method.invoke(Method.java:565)
	at org.springframework.scheduling.support.ScheduledMethodRunnable.runInternal(ScheduledMethodRunnable.java:130)
	at org.springframework.scheduling.support.ScheduledMethodRunnable.lambda$run$2(ScheduledMethodRunnable.java:124)
	at io.micrometer.observation.Observation.observe(Observation.java:498)
	at org.springframework.scheduling.support.ScheduledMethodRunnable.run(ScheduledMethodRunnable.java:124)
	at org.springframework.scheduling.config.Task$OutcomeTrackingRunnable.run(Task.java:85)
	at org.springframework.scheduling.support.DelegatingErrorHandlingRunnable.run(DelegatingErrorHandlingRunnable.java:54)
	at org.springframework.scheduling.concurrent.ReschedulingRunnable.run(ReschedulingRunnable.java:96)
	at java.base/java.util.concurrent.Executors$RunnableAdapter.call(Executors.java:545)
	at java.base/java.util.concurrent.FutureTask.run(FutureTask.java:328)
	at java.base/java.util.concurrent.ScheduledThreadPoolExecutor$ScheduledFutureTask.run(ScheduledThreadPoolExecutor.java:309)
	at java.base/java.util.concurrent.ThreadPoolExecutor.runWorker(ThreadPoolExecutor.java:1090)
	at java.base/java.util.concurrent.ThreadPoolExecutor$Worker.run(ThreadPoolExecutor.java:614)
	at java.base/java.lang.Thread.run(Thread.java:1474)
2025-11-20 11:48:59.994 [scheduled-task-5] WARN  b.u.b.t.i.s.ResilientExternalApiServiceImpl - fetchAllVehiclePositions() is deprecated. Use fetchVehiclePositionsByIds() instead
2025-11-20 11:48:59.995 [scheduled-task-5] WARN  b.u.b.s.i.external.GpsApiClient - fetchAllVehiclePositions() called without device IDs - this requires a database call to get all device IDs
2025-11-20 11:48:59.996 [boundedElastic-7] ERROR b.u.b.t.s.VehicleDataScheduler - GPS update failed after 1ms
biz.ugur.busroutebackend.shared.infrastructure.external.GpsApiClient$GpsApiException: fetchAllVehiclePositions requires device IDs list. Use fetchVehiclePositionsByIds instead.
	at biz.ugur.busroutebackend.shared.infrastructure.external.GpsApiClient.fetchAllVehiclePositions(GpsApiClient.java:70)
	at biz.ugur.busroutebackend.transport.infrastructure.services.ResilientExternalApiServiceImpl.fetchAllVehiclePositions(ResilientExternalApiServiceImpl.java:49)
	at biz.ugur.busroutebackend.transport.scheduler.VehicleDataScheduler.updateVehiclePositions(VehicleDataScheduler.java:73)
	at java.base/jdk.internal.reflect.DirectMethodHandleAccessor.invoke(DirectMethodHandleAccessor.java:104)
	at java.base/java.lang.reflect.Method.invoke(Method.java:565)
	at org.springframework.scheduling.support.ScheduledMethodRunnable.runInternal(ScheduledMethodRunnable.java:130)
	at org.springframework.scheduling.support.ScheduledMethodRunnable.lambda$run$2(ScheduledMethodRunnable.java:124)
	at io.micrometer.observation.Observation.observe(Observation.java:498)
	at org.springframework.scheduling.support.ScheduledMethodRunnable.run(ScheduledMethodRunnable.java:124)
	at org.springframework.scheduling.config.Task$OutcomeTrackingRunnable.run(Task.java:85)
	at org.springframework.scheduling.support.DelegatingErrorHandlingRunnable.run(DelegatingErrorHandlingRunnable.java:54)
	at org.springframework.scheduling.concurrent.ReschedulingRunnable.run(ReschedulingRunnable.java:96)
	at java.base/java.util.concurrent.Executors$RunnableAdapter.call(Executors.java:545)
	at java.base/java.util.concurrent.FutureTask.run(FutureTask.java:328)
	at java.base/java.util.concurrent.ScheduledThreadPoolExecutor$ScheduledFutureTask.run(ScheduledThreadPoolExecutor.java:309)
	at java.base/java.util.concurrent.ThreadPoolExecutor.runWorker(ThreadPoolExecutor.java:1090)
	at java.base/java.util.concurrent.ThreadPoolExecutor$Worker.run(ThreadPoolExecutor.java:614)
	at java.base/java.lang.Thread.run(Thread.java:1474)
2025-11-20 11:49:27.182 [reactor-tcp-epoll-6] INFO  b.u.b.s.a.MaterializedViewRefreshService - [MaterializedView] mv_popular_direct_routes refreshed in 3307ms
2025-11-20 11:49:30.007 [scheduled-task-1] WARN  b.u.b.t.i.s.ResilientExternalApiServiceImpl - fetchAllVehiclePositions() is deprecated. Use fetchVehiclePositionsByIds() instead
2025-11-20 11:49:30.007 [scheduled-task-1] WARN  b.u.b.s.i.external.GpsApiClient - fetchAllVehiclePositions() called without device IDs - this requires a database call to get all device IDs
2025-11-20 11:49:30.008 [boundedElastic-7] ERROR b.u.b.t.s.VehicleDataScheduler - GPS update failed after 0ms
biz.ugur.busroutebackend.shared.infrastructure.external.GpsApiClient$GpsApiException: fetchAllVehiclePositions requires device IDs list. Use fetchVehiclePositionsByIds instead.
	at biz.ugur.busroutebackend.shared.infrastructure.external.GpsApiClient.fetchAllVehiclePositions(GpsApiClient.java:70)
	at biz.ugur.busroutebackend.transport.infrastructure.services.ResilientExternalApiServiceImpl.fetchAllVehiclePositions(ResilientExternalApiServiceImpl.java:49)
	at biz.ugur.busroutebackend.transport.scheduler.VehicleDataScheduler.updateVehiclePositions(VehicleDataScheduler.java:73)
	at java.base/jdk.internal.reflect.DirectMethodHandleAccessor.invoke(DirectMethodHandleAccessor.java:104)
	at java.base/java.lang.reflect.Method.invoke(Method.java:565)
	at org.springframework.scheduling.support.ScheduledMethodRunnable.runInternal(ScheduledMethodRunnable.java:130)
	at org.springframework.scheduling.support.ScheduledMethodRunnable.lambda$run$2(ScheduledMethodRunnable.java:124)
	at io.micrometer.observation.Observation.observe(Observation.java:498)
	at org.springframework.scheduling.support.ScheduledMethodRunnable.run(ScheduledMethodRunnable.java:124)
	at org.springframework.scheduling.config.Task$OutcomeTrackingRunnable.run(Task.java:85)
	at org.springframework.scheduling.support.DelegatingErrorHandlingRunnable.run(DelegatingErrorHandlingRunnable.java:54)
	at org.springframework.scheduling.concurrent.ReschedulingRunnable.run(ReschedulingRunnable.java:96)
	at java.base/java.util.concurrent.Executors$RunnableAdapter.call(Executors.java:545)
	at java.base/java.util.concurrent.FutureTask.run(FutureTask.java:328)
	at java.base/java.util.concurrent.ScheduledThreadPoolExecutor$ScheduledFutureTask.run(ScheduledThreadPoolExecutor.java:309)
	at java.base/java.util.concurrent.ThreadPoolExecutor.runWorker(ThreadPoolExecutor.java:1090)
	at java.base/java.util.concurrent.ThreadPoolExecutor$Worker.run(ThreadPoolExecutor.java:614)
	at java.base/java.lang.Thread.run(Thread.java:1474)
2025-11-20 11:49:59.955 [scheduled-task-2] INFO  b.u.b.t.s.VehicleDataScheduler - Starting scheduled bus route assignments sync
2025-11-20 11:49:59.991 [scheduled-task-5] WARN  b.u.b.t.i.s.ResilientExternalApiServiceImpl - fetchAllVehiclePositions() is deprecated. Use fetchVehiclePositionsByIds() instead
2025-11-20 11:49:59.991 [scheduled-task-5] WARN  b.u.b.s.i.external.GpsApiClient - fetchAllVehiclePositions() called without device IDs - this requires a database call to get all device IDs
2025-11-20 11:49:59.992 [boundedElastic-7] ERROR b.u.b.t.s.VehicleDataScheduler - GPS update failed after 0ms
biz.ugur.busroutebackend.shared.infrastructure.external.GpsApiClient$GpsApiException: fetchAllVehiclePositions requires device IDs list. Use fetchVehiclePositionsByIds instead.
	at biz.ugur.busroutebackend.shared.infrastructure.external.GpsApiClient.fetchAllVehiclePositions(GpsApiClient.java:70)
	at biz.ugur.busroutebackend.transport.infrastructure.services.ResilientExternalApiServiceImpl.fetchAllVehiclePositions(ResilientExternalApiServiceImpl.java:49)
	at biz.ugur.busroutebackend.transport.scheduler.VehicleDataScheduler.updateVehiclePositions(VehicleDataScheduler.java:73)
	at java.base/jdk.internal.reflect.DirectMethodHandleAccessor.invoke(DirectMethodHandleAccessor.java:104)
	at java.base/java.lang.reflect.Method.invoke(Method.java:565)
	at org.springframework.scheduling.support.ScheduledMethodRunnable.runInternal(ScheduledMethodRunnable.java:130)
	at org.springframework.scheduling.support.ScheduledMethodRunnable.lambda$run$2(ScheduledMethodRunnable.java:124)
	at io.micrometer.observation.Observation.observe(Observation.java:498)
	at org.springframework.scheduling.support.ScheduledMethodRunnable.run(ScheduledMethodRunnable.java:124)
	at org.springframework.scheduling.config.Task$OutcomeTrackingRunnable.run(Task.java:85)
	at org.springframework.scheduling.support.DelegatingErrorHandlingRunnable.run(DelegatingErrorHandlingRunnable.java:54)
	at org.springframework.scheduling.concurrent.ReschedulingRunnable.run(ReschedulingRunnable.java:96)
	at java.base/java.util.concurrent.Executors$RunnableAdapter.call(Executors.java:545)
	at java.base/java.util.concurrent.FutureTask.run(FutureTask.java:328)
	at java.base/java.util.concurrent.ScheduledThreadPoolExecutor$ScheduledFutureTask.run(ScheduledThreadPoolExecutor.java:309)
	at java.base/java.util.concurrent.ThreadPoolExecutor.runWorker(ThreadPoolExecutor.java:1090)
	at java.base/java.util.concurrent.ThreadPoolExecutor$Worker.run(ThreadPoolExecutor.java:614)
	at java.base/java.lang.Thread.run(Thread.java:1474)
2025-11-20 11:50:00.985 [reactor-http-epoll-5] INFO  b.u.b.s.i.external.BusInfoApiClient - Successfully fetched 331 bus route assignments
2025-11-20 11:50:00.985 [reactor-http-epoll-5] INFO  b.u.b.t.s.VehicleDataScheduler - Fetched 331 bus route assignments, processing...
2025-11-20 11:50:00.985 [reactor-http-epoll-5] INFO  b.u.b.t.a.u.SyncBusRouteAssignmentsUseCase - Syncing route assignments for 331 buses - CorrelationId: CorrelationId[value=TRANS-22a8e687]
2025-11-20 11:50:01.072 [reactor-tcp-epoll-2] INFO  b.u.b.t.a.u.SyncBusRouteAssignmentsUseCase - Route assignment sync completed: BusRouteAssignmentResult[assignedCount=5, unchangedCount=0, failedCount=0, vehicleNotFoundCount=326, routeNotFoundCount=0, processedAt=2025-11-20T08:50:01.072523420Z]
2025-11-20 11:50:01.072 [reactor-tcp-epoll-2] INFO  b.u.b.t.s.VehicleDataScheduler - Bus route sync completed in 1117ms: BusRouteAssignmentResult[assignedCount=5, unchangedCount=0, failedCount=0, vehicleNotFoundCount=326, routeNotFoundCount=0, processedAt=2025-11-20T08:50:01.072523420Z]
2025-11-20 11:50:19.457 [reactor-http-epoll-6] INFO  b.u.b.s.i.c.CorrelationIdWebFilter - Request started - GET /api/vehicles/positions - Client: 0:0:0:0:0:0:0:1 - CorrelationId: REQ-5d19e01d
2025-11-20 11:50:19.482 [reactor-tcp-epoll-3] INFO  b.u.b.t.a.u.GetAllVehiclePositionsUseCase - Found 874 device IDs, fetching GPS positions
2025-11-20 11:50:19.618 [reactor-http-epoll-7] WARN  b.u.b.s.i.external.GpsApiClient - GPS API returned non-success code: 401, msg: Unauthorized, traceId: X6JhHjWuEbZxmNVy
2025-11-20 11:50:19.618 [reactor-http-epoll-7] INFO  b.u.b.s.i.external.GpsApiClient - Successfully fetched 0 GPS positions from 1 batches
2025-11-20 11:50:19.618 [reactor-http-epoll-7] INFO  b.u.b.t.a.u.GetAllVehiclePositionsUseCase - Successfully fetched 0 vehicle positions
2025-11-20 11:50:19.623 [reactor-http-epoll-7] INFO  b.u.b.s.i.c.CorrelationIdWebFilter - Request completed successfully - CorrelationId: REQ-5d19e01d
2025-11-20 11:50:24.992 [reactor-tcp-epoll-3] INFO  b.u.b.s.a.MaterializedViewRefreshService - [MaterializedView] mv_stop_connections refreshed in 1107ms
2025-11-20 11:50:29.615 [scheduled-task-3] WARN  b.u.b.t.i.s.ResilientExternalApiServiceImpl - fetchAllVehiclePositions() is deprecated. Use fetchVehiclePositionsByIds() instead
2025-11-20 11:50:29.615 [scheduled-task-3] WARN  b.u.b.s.i.external.GpsApiClient - fetchAllVehiclePositions() called without device IDs - this requires a database call to get all device IDs
2025-11-20 11:50:29.617 [boundedElastic-8] ERROR b.u.b.t.s.VehicleDataScheduler - GPS update failed after 2ms
biz.ugur.busroutebackend.shared.infrastructure.external.GpsApiClient$GpsApiException: fetchAllVehiclePositions requires device IDs list. Use fetchVehiclePositionsByIds instead.
	at biz.ugur.busroutebackend.shared.infrastructure.external.GpsApiClient.fetchAllVehiclePositions(GpsApiClient.java:70)
	at biz.ugur.busroutebackend.transport.infrastructure.services.ResilientExternalApiServiceImpl.fetchAllVehiclePositions(ResilientExternalApiServiceImpl.java:49)
	at biz.ugur.busroutebackend.transport.scheduler.VehicleDataScheduler.updateVehiclePositions(VehicleDataScheduler.java:73)
	at java.base/jdk.internal.reflect.DirectMethodHandleAccessor.invoke(DirectMethodHandleAccessor.java:104)
	at java.base/java.lang.reflect.Method.invoke(Method.java:565)
	at org.springframework.scheduling.support.ScheduledMethodRunnable.runInternal(ScheduledMethodRunnable.java:130)
	at org.springframework.scheduling.support.ScheduledMethodRunnable.lambda$run$2(ScheduledMethodRunnable.java:124)
	at io.micrometer.observation.Observation.observe(Observation.java:498)
	at org.springframework.scheduling.support.ScheduledMethodRunnable.run(ScheduledMethodRunnable.java:124)
	at org.springframework.scheduling.config.Task$OutcomeTrackingRunnable.run(Task.java:85)
	at org.springframework.scheduling.support.DelegatingErrorHandlingRunnable.run(DelegatingErrorHandlingRunnable.java:54)
	at org.springframework.scheduling.concurrent.ReschedulingRunnable.run(ReschedulingRunnable.java:96)
	at java.base/java.util.concurrent.Executors$RunnableAdapter.call(Executors.java:545)
	at java.base/java.util.concurrent.FutureTask.run(FutureTask.java:328)
	at java.base/java.util.concurrent.ScheduledThreadPoolExecutor$ScheduledFutureTask.run(ScheduledThreadPoolExecutor.java:309)
	at java.base/java.util.concurrent.ThreadPoolExecutor.runWorker(ThreadPoolExecutor.java:1090)
	at java.base/java.util.concurrent.ThreadPoolExecutor$Worker.run(ThreadPoolExecutor.java:614)
	at java.base/java.lang.Thread.run(Thread.java:1474)
2025-11-20 13:51:51.129 [scheduled-task-3] WARN  b.u.b.t.i.s.ResilientExternalApiServiceImpl - fetchAllVehiclePositions() is deprecated. Use fetchVehiclePositionsByIds() instead
2025-11-20 13:51:51.130 [scheduled-task-3] WARN  b.u.b.s.i.external.GpsApiClient - fetchAllVehiclePositions() called without device IDs - this requires a database call to get all device IDs
2025-11-20 13:51:51.132 [boundedElastic-8] ERROR b.u.b.t.s.VehicleDataScheduler - GPS update failed after 2ms
biz.ugur.busroutebackend.shared.infrastructure.external.GpsApiClient$GpsApiException: fetchAllVehiclePositions requires device IDs list. Use fetchVehiclePositionsByIds instead.
	at biz.ugur.busroutebackend.shared.infrastructure.external.GpsApiClient.fetchAllVehiclePositions(GpsApiClient.java:70)
	at biz.ugur.busroutebackend.transport.infrastructure.services.ResilientExternalApiServiceImpl.fetchAllVehiclePositions(ResilientExternalApiServiceImpl.java:49)
	at biz.ugur.busroutebackend.transport.scheduler.VehicleDataScheduler.updateVehiclePositions(VehicleDataScheduler.java:73)
	at java.base/jdk.internal.reflect.DirectMethodHandleAccessor.invoke(DirectMethodHandleAccessor.java:104)
	at java.base/java.lang.reflect.Method.invoke(Method.java:565)
	at org.springframework.scheduling.support.ScheduledMethodRunnable.runInternal(ScheduledMethodRunnable.java:130)
	at org.springframework.scheduling.support.ScheduledMethodRunnable.lambda$run$2(ScheduledMethodRunnable.java:124)
	at io.micrometer.observation.Observation.observe(Observation.java:498)
	at org.springframework.scheduling.support.ScheduledMethodRunnable.run(ScheduledMethodRunnable.java:124)
	at org.springframework.scheduling.config.Task$OutcomeTrackingRunnable.run(Task.java:85)
	at org.springframework.scheduling.support.DelegatingErrorHandlingRunnable.run(DelegatingErrorHandlingRunnable.java:54)
	at org.springframework.scheduling.concurrent.ReschedulingRunnable.run(ReschedulingRunnable.java:96)
	at java.base/java.util.concurrent.Executors$RunnableAdapter.call(Executors.java:545)
	at java.base/java.util.concurrent.FutureTask.run(FutureTask.java:328)
	at java.base/java.util.concurrent.ScheduledThreadPoolExecutor$ScheduledFutureTask.run(ScheduledThreadPoolExecutor.java:309)
	at java.base/java.util.concurrent.ThreadPoolExecutor.runWorker(ThreadPoolExecutor.java:1090)
	at java.base/java.util.concurrent.ThreadPoolExecutor$Worker.run(ThreadPoolExecutor.java:614)
	at java.base/java.lang.Thread.run(Thread.java:1474)
2025-11-20 11:51:08.799 [scheduled-task-3] WARN  b.u.b.t.i.s.ResilientExternalApiServiceImpl - fetchAllVehiclePositions() is deprecated. Use fetchVehiclePositionsByIds() instead
2025-11-20 11:51:08.799 [scheduled-task-3] WARN  b.u.b.s.i.external.GpsApiClient - fetchAllVehiclePositions() called without device IDs - this requires a database call to get all device IDs
2025-11-20 11:51:08.802 [boundedElastic-8] ERROR b.u.b.t.s.VehicleDataScheduler - GPS update failed after 3ms
biz.ugur.busroutebackend.shared.infrastructure.external.GpsApiClient$GpsApiException: fetchAllVehiclePositions requires device IDs list. Use fetchVehiclePositionsByIds instead.
	at biz.ugur.busroutebackend.shared.infrastructure.external.GpsApiClient.fetchAllVehiclePositions(GpsApiClient.java:70)
	at biz.ugur.busroutebackend.transport.infrastructure.services.ResilientExternalApiServiceImpl.fetchAllVehiclePositions(ResilientExternalApiServiceImpl.java:49)
	at biz.ugur.busroutebackend.transport.scheduler.VehicleDataScheduler.updateVehiclePositions(VehicleDataScheduler.java:73)
	at java.base/jdk.internal.reflect.DirectMethodHandleAccessor.invoke(DirectMethodHandleAccessor.java:104)
	at java.base/java.lang.reflect.Method.invoke(Method.java:565)
	at org.springframework.scheduling.support.ScheduledMethodRunnable.runInternal(ScheduledMethodRunnable.java:130)
	at org.springframework.scheduling.support.ScheduledMethodRunnable.lambda$run$2(ScheduledMethodRunnable.java:124)
	at io.micrometer.observation.Observation.observe(Observation.java:498)
	at org.springframework.scheduling.support.ScheduledMethodRunnable.run(ScheduledMethodRunnable.java:124)
	at org.springframework.scheduling.config.Task$OutcomeTrackingRunnable.run(Task.java:85)
	at org.springframework.scheduling.support.DelegatingErrorHandlingRunnable.run(DelegatingErrorHandlingRunnable.java:54)
	at org.springframework.scheduling.concurrent.ReschedulingRunnable.run(ReschedulingRunnable.java:96)
	at java.base/java.util.concurrent.Executors$RunnableAdapter.call(Executors.java:545)
	at java.base/java.util.concurrent.FutureTask.run(FutureTask.java:328)
	at java.base/java.util.concurrent.ScheduledThreadPoolExecutor$ScheduledFutureTask.run(ScheduledThreadPoolExecutor.java:309)
	at java.base/java.util.concurrent.ThreadPoolExecutor.runWorker(ThreadPoolExecutor.java:1090)
	at java.base/java.util.concurrent.ThreadPoolExecutor$Worker.run(ThreadPoolExecutor.java:614)
	at java.base/java.lang.Thread.run(Thread.java:1474)
2025-11-20 11:51:23.508 [reactor-tcp-epoll-5] INFO  b.u.b.s.a.MaterializedViewRefreshService - [MaterializedView] mv_route_statistics refreshed in 68ms
2025-11-20 11:51:59.609 [scheduled-task-5] INFO  b.u.b.t.s.VehicleDataScheduler - Starting scheduled bus route assignments sync
2025-11-20 11:52:00.374 [reactor-http-epoll-8] INFO  b.u.b.s.i.external.BusInfoApiClient - Successfully fetched 332 bus route assignments
2025-11-20 11:52:00.374 [reactor-http-epoll-8] INFO  b.u.b.t.s.VehicleDataScheduler - Fetched 332 bus route assignments, processing...
2025-11-20 11:52:00.374 [reactor-http-epoll-8] INFO  b.u.b.t.a.u.SyncBusRouteAssignmentsUseCase - Syncing route assignments for 332 buses - CorrelationId: CorrelationId[value=TRANS-41d71515]
2025-11-20 11:52:00.460 [reactor-tcp-epoll-7] INFO  b.u.b.t.a.u.SyncBusRouteAssignmentsUseCase - Route assignment sync completed: BusRouteAssignmentResult[assignedCount=5, unchangedCount=0, failedCount=0, vehicleNotFoundCount=327, routeNotFoundCount=0, processedAt=2025-11-20T08:52:00.460515256Z]
2025-11-20 11:52:00.460 [reactor-tcp-epoll-7] INFO  b.u.b.t.s.VehicleDataScheduler - Bus route sync completed in 850ms: BusRouteAssignmentResult[assignedCount=5, unchangedCount=0, failedCount=0, vehicleNotFoundCount=327, routeNotFoundCount=0, processedAt=2025-11-20T08:52:00.460515256Z]
2025-11-20 11:53:23.557 [reactor-tcp-epoll-4] INFO  b.u.b.s.a.MaterializedViewRefreshService - [MaterializedView] mv_active_routes_summary refreshed in 70ms
2025-11-20 11:53:59.992 [scheduled-task-3] INFO  b.u.b.t.s.VehicleDataScheduler - Starting scheduled bus route assignments sync
2025-11-20 11:54:00.898 [reactor-http-epoll-1] INFO  b.u.b.s.i.external.BusInfoApiClient - Successfully fetched 333 bus route assignments
2025-11-20 11:54:00.898 [reactor-http-epoll-1] INFO  b.u.b.t.s.VehicleDataScheduler - Fetched 333 bus route assignments, processing...
2025-11-20 11:54:00.898 [reactor-http-epoll-1] INFO  b.u.b.t.a.u.SyncBusRouteAssignmentsUseCase - Syncing route assignments for 333 buses - CorrelationId: CorrelationId[value=TRANS-f346368e]
2025-11-20 11:54:00.985 [reactor-tcp-epoll-6] INFO  b.u.b.t.a.u.SyncBusRouteAssignmentsUseCase - Route assignment sync completed: BusRouteAssignmentResult[assignedCount=5, unchangedCount=0, failedCount=0, vehicleNotFoundCount=328, routeNotFoundCount=0, processedAt=2025-11-20T08:54:00.985792969Z]
2025-11-20 11:54:00.985 [reactor-tcp-epoll-6] INFO  b.u.b.t.s.VehicleDataScheduler - Bus route sync completed in 993ms: BusRouteAssignmentResult[assignedCount=5, unchangedCount=0, failedCount=0, vehicleNotFoundCount=328, routeNotFoundCount=0, processedAt=2025-11-20T08:54:00.985792969Z]
2025-11-20 11:55:39.432 [SpringApplicationShutdownHook] INFO  o.s.b.w.e.netty.GracefulShutdown - Commencing graceful shutdown. Waiting for active requests to complete
2025-11-20 11:55:39.433 [netty-shutdown] INFO  o.s.b.w.e.netty.GracefulShutdown - Graceful shutdown complete
[INFO] ------------------------------------------------------------------------
[INFO] BUILD FAILURE
[INFO] ------------------------------------------------------------------------
[INFO] Total time:  08:23 min
[INFO] Finished at: 2025-11-20T11:55:41+03:00
[INFO] ------------------------------------------------------------------------
[ERROR] Failed to execute goal org.springframework.boot:spring-boot-maven-plugin:3.5.3:run (default-cli) on project bus-route-backend: Process terminated with exit code: 143 -> [Help 1]
[ERROR] 
[ERROR] To see the full stack trace of the errors, re-run Maven with the -e switch.
[ERROR] Re-run Maven using the -X switch to enable full debug logging.
[ERROR] 
[ERROR] For more information about the errors and possible solutions, please read the following articles:
[ERROR] [Help 1] http://cwiki.apache.org/confluence/display/MAVEN/MojoExecutionException
