WARNING: A terminally deprecated method in sun.misc.Unsafe has been called
WARNING: sun.misc.Unsafe::staticFieldBase has been called by com.google.inject.internal.aop.HiddenClassDefiner (file:/root/.m2/wrapper/dists/apache-maven-3.9.11/a2d47e15/lib/guice-5.1.0-classes.jar)
WARNING: Please consider reporting this to the maintainers of class com.google.inject.internal.aop.HiddenClassDefiner
WARNING: sun.misc.Unsafe::staticFieldBase will be removed in a future release
[INFO] Scanning for projects...
[INFO] 
[INFO] ---------------------< biz.ugur:bus-route-backend >---------------------
[INFO] Building Bus Route Planning System 0.0.1
[INFO]   from pom.xml
[INFO] --------------------------------[ jar ]---------------------------------
[INFO] 
[INFO] >>> spring-boot:3.5.3:run (default-cli) > test-compile @ bus-route-backend >>>
[INFO] 
[INFO] --- jacoco:0.8.14:prepare-agent (default) @ bus-route-backend ---
[INFO] argLine set to -javaagent:/root/.m2/repository/org/jacoco/org.jacoco.agent/0.8.14/org.jacoco.agent-0.8.14-runtime.jar=destfile=/home/developer/projects/bus/ugur_v4/bus-route-backend/target/jacoco.exec,excludes=biz\\ugur\\busroutebackend\\admin\\**:biz\\ugur\\busroutebackend\\client\\**:biz\\ugur\\busroutebackend\\geospatial\\**:biz\\ugur\\busroutebackend\\interfaces\\**:biz\\ugur\\busroutebackend\\routing\\**:biz\\ugur\\busroutebackend\\shared\\**:biz\\ugur\\busroutebackend\\transport\\**:biz\\ugur\\busroutebackend\\BusRouteBackendApplication.class
[INFO] 
[INFO] --- resources:3.3.1:resources (default-resources) @ bus-route-backend ---
[INFO] Copying 4 resources from src/main/resources to target/classes
[INFO] Copying 26 resources from src/main/resources to target/classes
[INFO] 
[INFO] --- compiler:3.14.0:compile (default-compile) @ bus-route-backend ---
[INFO] Nothing to compile - all classes are up to date.
[INFO] 
[INFO] --- resources:3.3.1:testResources (default-testResources) @ bus-route-backend ---
[INFO] skip non existing resourceDirectory /home/developer/projects/bus/ugur_v4/bus-route-backend/src/test/resources
[INFO] 
[INFO] --- compiler:3.14.0:testCompile (default-testCompile) @ bus-route-backend ---
[INFO] Nothing to compile - all classes are up to date.
[INFO] 
[INFO] <<< spring-boot:3.5.3:run (default-cli) < test-compile @ bus-route-backend <<<
[INFO] 
[INFO] 
[INFO] --- spring-boot:3.5.3:run (default-cli) @ bus-route-backend ---
[INFO] Attaching agents: []

  .   ____          _            __ _ _
 /\\ / ___'_ __ _ _(_)_ __  __ _ \ \ \ \
( ( )\___ | '_ | '_| | '_ \/ _` | \ \ \ \
 \\/  ___)| |_)| | | | | || (_| |  ) ) ) )
  '  |____| .__|_| |_|_| |_\__, | / / / /
 =========|_|==============|___/=/_/_/_/

 :: Spring Boot ::                (v3.5.3)

2025-11-20 12:01:48.857 [main] INFO  b.u.b.BusRouteBackendApplication - Starting BusRouteBackendApplication using Java 25 with PID 94124 (/home/developer/projects/bus/ugur_v4/bus-route-backend/target/classes started by root in /home/developer/projects/bus/ugur_v4/bus-route-backend)
2025-11-20 12:01:48.858 [main] INFO  b.u.b.BusRouteBackendApplication - The following 1 profile is active: "dev"
2025-11-20 12:01:49.268 [main] INFO  o.s.d.r.c.RepositoryConfigurationDelegate - Multiple Spring Data modules found, entering strict repository configuration mode
2025-11-20 12:01:49.268 [main] INFO  o.s.d.r.c.RepositoryConfigurationDelegate - Bootstrapping Spring Data R2DBC repositories in DEFAULT mode.
2025-11-20 12:01:49.273 [main] INFO  o.s.d.r.c.RepositoryConfigurationDelegate - Finished Spring Data repository scanning in 2 ms. Found 0 R2DBC repository interfaces.
2025-11-20 12:01:49.476 [main] INFO  o.s.d.r.c.RepositoryConfigurationDelegate - Multiple Spring Data modules found, entering strict repository configuration mode
2025-11-20 12:01:49.476 [main] INFO  o.s.d.r.c.RepositoryConfigurationDelegate - Bootstrapping Spring Data R2DBC repositories in DEFAULT mode.
2025-11-20 12:01:49.492 [main] INFO  o.s.d.r.c.RepositoryConfigurationDelegate - Finished Spring Data repository scanning in 14 ms. Found 0 R2DBC repository interfaces.
2025-11-20 12:01:49.495 [main] INFO  o.s.d.r.c.RepositoryConfigurationDelegate - Multiple Spring Data modules found, entering strict repository configuration mode
2025-11-20 12:01:49.496 [main] INFO  o.s.d.r.c.RepositoryConfigurationDelegate - Bootstrapping Spring Data Redis repositories in DEFAULT mode.
2025-11-20 12:01:49.507 [main] INFO  o.s.d.r.c.RepositoryConfigurationDelegate - Finished Spring Data repository scanning in 7 ms. Found 0 Redis repository interfaces.
WARNING: A terminally deprecated method in sun.misc.Unsafe has been called
WARNING: sun.misc.Unsafe::allocateMemory has been called by io.netty.util.internal.PlatformDependent0$2 (file:/root/.m2/repository/io/netty/netty-common/4.1.122.Final/netty-common-4.1.122.Final.jar)
WARNING: Please consider reporting this to the maintainers of class io.netty.util.internal.PlatformDependent0$2
WARNING: sun.misc.Unsafe::allocateMemory will be removed in a future release
WARNING: A restricted method in java.lang.System has been called
WARNING: java.lang.System::loadLibrary has been called by io.netty.util.internal.NativeLibraryUtil in an unnamed module (file:/root/.m2/repository/io/netty/netty-common/4.1.122.Final/netty-common-4.1.122.Final.jar)
WARNING: Use --enable-native-access=ALL-UNNAMED to avoid a warning for callers in this module
WARNING: Restricted methods will be blocked in a future release unless native access is enabled

2025-11-20 12:01:50.078 [main] INFO  b.u.b.g.i.c.GeospatialServiceInitializer - Initializing geospatial services in value objects...
2025-11-20 12:01:50.078 [main] INFO  b.u.b.g.i.c.GeospatialServiceInitializer - ✅ Geospatial services initialization complete
2025-11-20 12:01:50.078 [main] INFO  b.u.b.g.i.c.GeospatialServiceInitializer -    - All distance calculations use centralized DistanceCalculationService
2025-11-20 12:01:50.078 [main] INFO  b.u.b.g.i.c.GeospatialServiceInitializer -    - Haversine formula: single source of truth
2025-11-20 12:01:50.078 [main] INFO  b.u.b.g.i.c.GeospatialServiceInitializer -    - Location → Coordinates migration: COMPLETED
2025-11-20 12:01:50.078 [main] INFO  b.u.b.g.i.c.GeospatialServiceInitializer -    - RoutePoint → Coordinates migration: COMPLETED
2025-11-20 12:01:50.257 [main] INFO  b.u.b.s.i.external.GpsApiClient - GpsApiClient initialized: batchSize=50, maxConcurrentBatches=3, timeWindowMinutes=3
2025-11-20 12:01:50.445 [main] INFO  b.u.b.s.i.config.WebSocketConfig - 🔌 WebSocketConfig initialized with handler: VehiclePositionHandler
2025-11-20 12:01:50.472 [main] INFO  o.s.b.a.s.r.ReactiveUserDetailsServiceAutoConfiguration - 

Using generated security password: ce00b7d4-9eb9-4f79-b16a-b9f039ea9d7e

2025-11-20 12:01:50.552 [main] INFO  b.u.b.c.i.s.ClientSecurityConfig - Configuring Client Security Filter Chain for /api/v1/client/** and /api/v1/mobile/**
2025-11-20 12:01:50.555 [main] INFO  b.u.b.i.i.s.IntegrationSecurityConfig - Configuring Integration Security Filter Chain for external API token authentication
2025-11-20 12:01:50.571 [main] INFO  b.u.b.s.i.config.CorrelationConfig - Initializing Correlation ID Generator
2025-11-20 12:01:50.572 [main] INFO  b.u.b.s.i.config.CorrelationConfig - Initializing Correlation ID Web Filter
2025-11-20 12:01:50.626 [main] INFO  b.u.b.s.i.config.WebSocketConfig - 🗺️ Registering WebSocket handler mappings...
2025-11-20 12:01:50.626 [main] INFO  b.u.b.s.i.config.WebSocketConfig - ✅ WebSocket mappings registered:
2025-11-20 12:01:50.626 [main] INFO  b.u.b.s.i.config.WebSocketConfig -    📍 /api/v1/ws/vehicle-positions -> VehiclePositionHandler
2025-11-20 12:01:50.720 [main] INFO  o.s.b.a.e.web.EndpointLinksResolver - Exposing 4 endpoints beneath base path '/actuator'
2025-11-20 12:01:50.750 [main] INFO  b.u.b.s.i.config.WebSocketConfig - 🔧 Creating WebSocketHandlerAdapter...
2025-11-20 12:01:50.750 [main] INFO  b.u.b.s.i.config.WebSocketConfig - ✅ WebSocketHandlerAdapter created successfully
2025-11-20 12:01:50.973 [main] DEBUG o.s.c.e.EventListenerMethodProcessor - 1 @EventListener methods processed on bean 'adminBootstrap': {public void biz.ugur.busroutebackend.shared.infrastructure.bootstrap.AdminBootstrap.createDefaultAdminIfNotExists()=@org.springframework.context.event.EventListener(classes={org.springframework.boot.context.event.ApplicationReadyEvent.class}, condition="", defaultExecution=true, id="", value={org.springframework.boot.context.event.ApplicationReadyEvent.class})}
2025-11-20 12:01:50.973 [main] DEBUG o.s.c.e.EventListenerMethodProcessor - 3 @EventListener methods processed on bean 'vehicleEventHandler': {public void biz.ugur.busroutebackend.transport.infrastructure.messaging.VehicleEventHandler.handleVehiclePositionUpdated(biz.ugur.busroutebackend.transport.domain.event.VehiclePositionUpdatedEvent)=@org.springframework.context.event.EventListener(classes={}, condition="", defaultExecution=true, id="", value={}), public void biz.ugur.busroutebackend.transport.infrastructure.messaging.VehicleEventHandler.handleVehicleAssignedToRoute(biz.ugur.busroutebackend.transport.domain.event.VehicleAssignedToRouteEvent)=@org.springframework.context.event.EventListener(classes={}, condition="", defaultExecution=true, id="", value={}), public void biz.ugur.busroutebackend.transport.infrastructure.messaging.VehicleEventHandler.handleVehicleRegistered(biz.ugur.busroutebackend.transport.domain.event.VehicleRegisteredEvent)=@org.springframework.context.event.EventListener(classes={biz.ugur.busroutebackend.transport.domain.event.VehicleRegisteredEvent.class}, condition="", defaultExecution=true, id="", value={biz.ugur.busroutebackend.transport.domain.event.VehicleRegisteredEvent.class})}
2025-11-20 12:01:50.974 [main] DEBUG o.s.c.e.EventListenerMethodProcessor - 1 @EventListener methods processed on bean 'vehicleDataScheduler': {public void biz.ugur.busroutebackend.transport.scheduler.VehicleDataScheduler.onApplicationReady(org.springframework.boot.context.event.ApplicationReadyEvent)=@org.springframework.context.event.EventListener(classes={org.springframework.boot.context.event.ApplicationReadyEvent.class}, condition="", defaultExecution=true, id="", value={org.springframework.boot.context.event.ApplicationReadyEvent.class})}
2025-11-20 12:01:50.994 [main] INFO  o.s.b.w.e.netty.NettyWebServer - Netty started on port 8080 (http)
2025-11-20 12:01:51.004 [main] INFO  b.u.b.BusRouteBackendApplication - Started BusRouteBackendApplication in 2.378 seconds (process running for 2.514)
2025-11-20 12:01:51.005 [main] INFO  b.u.b.s.i.bootstrap.AdminBootstrap - Checking for default admin user...
2025-11-20 12:01:51.009 [main] INFO  b.u.b.s.i.bootstrap.AdminBootstrap - Creating default admin user: admin
2025-11-20 12:01:51.073 [main] INFO  b.u.b.t.s.VehicleDataScheduler - Application ready - triggering initial route sync
2025-11-20 12:01:51.163 [reactor-tcp-epoll-1] INFO  b.u.b.s.i.bootstrap.AdminBootstrap - Default admin user ensured: admin
2025-11-20 12:02:00.010 [scheduled-task-1] INFO  b.u.b.t.s.VehicleDataScheduler - Starting scheduled bus route assignments sync
2025-11-20 12:02:00.242 [reactor-http-epoll-3] WARN  b.u.b.s.i.external.GpsApiClient - GPS API returned non-success code: 401, msg: Unauthorized, traceId: ndizpnkrrKTa3igr
2025-11-20 12:02:00.242 [reactor-http-epoll-5] WARN  b.u.b.s.i.external.GpsApiClient - GPS API returned non-success code: 401, msg: Unauthorized, traceId: dx1ZrKGaIGQqzyDz
2025-11-20 12:02:00.242 [reactor-http-epoll-4] WARN  b.u.b.s.i.external.GpsApiClient - GPS API returned non-success code: 401, msg: Unauthorized, traceId: ToBJEgucb1l9NV7M
2025-11-20 12:02:00.308 [reactor-http-epoll-5] WARN  b.u.b.s.i.external.GpsApiClient - GPS API returned non-success code: 401, msg: Unauthorized, traceId: gorXW8AGHYhvLbMm
2025-11-20 12:02:00.315 [reactor-http-epoll-3] WARN  b.u.b.s.i.external.GpsApiClient - GPS API returned non-success code: 401, msg: Unauthorized, traceId: Y3pqf24qcZ13kBLj
2025-11-20 12:02:00.362 [reactor-http-epoll-4] WARN  b.u.b.s.i.external.GpsApiClient - GPS API returned non-success code: 401, msg: Unauthorized, traceId: Ez8vhibDouQWM3G2
2025-11-20 12:02:00.375 [reactor-http-epoll-5] WARN  b.u.b.s.i.external.GpsApiClient - GPS API returned non-success code: 401, msg: Unauthorized, traceId: 30tkVqeKbonmHT2W
2025-11-20 12:02:00.381 [reactor-http-epoll-4] WARN  b.u.b.s.i.external.GpsApiClient - GPS API returned non-success code: 401, msg: Unauthorized, traceId: MaQenEWlRQAjO3b4
2025-11-20 12:02:00.435 [reactor-http-epoll-3] WARN  b.u.b.s.i.external.GpsApiClient - GPS API returned non-success code: 401, msg: Unauthorized, traceId: VO5MiOf8eVFK0AEw
2025-11-20 12:02:00.444 [reactor-http-epoll-4] WARN  b.u.b.s.i.external.GpsApiClient - GPS API returned non-success code: 401, msg: Unauthorized, traceId: klF5EO1iefy9U49H
2025-11-20 12:02:00.445 [reactor-http-epoll-5] WARN  b.u.b.s.i.external.GpsApiClient - GPS API returned non-success code: 401, msg: Unauthorized, traceId: qHbCK59RJ8imbU0A
2025-11-20 12:02:00.506 [reactor-http-epoll-4] WARN  b.u.b.s.i.external.GpsApiClient - GPS API returned non-success code: 401, msg: Unauthorized, traceId: GrJqbc9eLx2Q2My7
2025-11-20 12:02:00.514 [reactor-http-epoll-3] WARN  b.u.b.s.i.external.GpsApiClient - GPS API returned non-success code: 401, msg: Unauthorized, traceId: pf8alGOmTCxSIgxN
2025-11-20 12:02:00.517 [reactor-http-epoll-5] WARN  b.u.b.s.i.external.GpsApiClient - GPS API returned non-success code: 401, msg: Unauthorized, traceId: ELah7K2yFp1nQwa9
2025-11-20 12:02:00.569 [reactor-http-epoll-4] WARN  b.u.b.s.i.external.GpsApiClient - GPS API returned non-success code: 401, msg: Unauthorized, traceId: sWn2OznCKi4mg0JJ
2025-11-20 12:02:00.586 [reactor-http-epoll-4] WARN  b.u.b.s.i.external.GpsApiClient - GPS API returned non-success code: 401, msg: Unauthorized, traceId: wB5XH0YhEOfBeyqM
2025-11-20 12:02:00.587 [reactor-http-epoll-3] WARN  b.u.b.s.i.external.GpsApiClient - GPS API returned non-success code: 401, msg: Unauthorized, traceId: qUOVwSTKnnHFN0nS
2025-11-20 12:02:00.632 [reactor-http-epoll-5] WARN  b.u.b.s.i.external.GpsApiClient - GPS API returned non-success code: 401, msg: Unauthorized, traceId: MhLGiL3uvTS0QSFh
2025-11-20 12:02:00.632 [reactor-http-epoll-5] INFO  b.u.b.s.i.external.GpsApiClient - Successfully fetched 0 GPS positions from 18 batches
2025-11-20 12:02:00.633 [boundedElastic-2] INFO  b.u.b.t.s.VehicleDataScheduler - GPS update completed: duration=622ms, updated=0, created=0, failed=0, invalid=0, conflict=0
2025-11-20 12:02:00.906 [reactor-http-epoll-6] INFO  b.u.b.s.i.external.BusInfoApiClient - Successfully fetched 335 bus route assignments
2025-11-20 12:02:00.906 [reactor-http-epoll-6] INFO  b.u.b.t.s.VehicleDataScheduler - Fetched 335 bus route assignments, processing...
2025-11-20 12:02:00.907 [reactor-http-epoll-6] INFO  b.u.b.t.a.u.SyncBusRouteAssignmentsUseCase - Syncing route assignments for 335 buses - CorrelationId: CorrelationId[value=TRANS-af58736e]
2025-11-20 12:02:01.030 [reactor-tcp-epoll-2] INFO  b.u.b.t.a.u.SyncBusRouteAssignmentsUseCase - Route assignment sync completed: BusRouteAssignmentResult[assignedCount=5, unchangedCount=0, failedCount=0, vehicleNotFoundCount=330, routeNotFoundCount=0, processedAt=2025-11-20T09:02:01.030626529Z]
2025-11-20 12:02:01.032 [reactor-tcp-epoll-2] INFO  b.u.b.t.s.VehicleDataScheduler - Bus route sync completed in 1021ms: BusRouteAssignmentResult[assignedCount=5, unchangedCount=0, failedCount=0, vehicleNotFoundCount=330, routeNotFoundCount=0, processedAt=2025-11-20T09:02:01.030626529Z]
2025-11-20 12:02:01.075 [parallel-3] INFO  b.u.b.t.s.VehicleDataScheduler - Performing initial route synchronization...
2025-11-20 12:02:01.212 [reactor-http-epoll-6] INFO  b.u.b.s.i.external.BusInfoApiClient - Successfully fetched 335 bus route assignments
2025-11-20 12:02:01.213 [reactor-http-epoll-6] INFO  b.u.b.t.a.u.SyncBusRouteAssignmentsUseCase - Syncing route assignments for 335 buses - CorrelationId: CorrelationId[value=TRANS-15999764]
2025-11-20 12:02:01.274 [reactor-tcp-epoll-5] INFO  b.u.b.t.a.u.SyncBusRouteAssignmentsUseCase - Route assignment sync completed: BusRouteAssignmentResult[assignedCount=5, unchangedCount=0, failedCount=0, vehicleNotFoundCount=330, routeNotFoundCount=0, processedAt=2025-11-20T09:02:01.274617927Z]
2025-11-20 12:02:01.274 [reactor-tcp-epoll-5] INFO  b.u.b.t.s.VehicleDataScheduler - Initial route sync successful: assigned=5, unassigned=0, total=2025-11-20T09:02:01.274617927Z
2025-11-20 12:02:01.274 [reactor-tcp-epoll-5] INFO  b.u.b.t.s.VehicleDataScheduler - Initial route sync completed: BusRouteAssignmentResult[assignedCount=5, unchangedCount=0, failedCount=0, vehicleNotFoundCount=330, routeNotFoundCount=0, processedAt=2025-11-20T09:02:01.274617927Z]
2025-11-20 12:02:30.080 [reactor-http-epoll-4] WARN  b.u.b.s.i.external.GpsApiClient - GPS API returned non-success code: 401, msg: Unauthorized, traceId: pmKIt76XqQhvmOHL
2025-11-20 12:02:30.089 [reactor-http-epoll-3] WARN  b.u.b.s.i.external.GpsApiClient - GPS API returned non-success code: 401, msg: Unauthorized, traceId: M0ePdPkX15MSJXSj
2025-11-20 12:02:30.089 [reactor-http-epoll-4] WARN  b.u.b.s.i.external.GpsApiClient - GPS API returned non-success code: 401, msg: Unauthorized, traceId: kL0q4P719ryD2xq9
2025-11-20 12:02:30.144 [reactor-http-epoll-5] WARN  b.u.b.s.i.external.GpsApiClient - GPS API returned non-success code: 401, msg: Unauthorized, traceId: IRP5UrPHUdHL2LnM
2025-11-20 12:02:30.151 [reactor-http-epoll-4] WARN  b.u.b.s.i.external.GpsApiClient - GPS API returned non-success code: 401, msg: Unauthorized, traceId: MJx47zTBCkqzaqAO
2025-11-20 12:02:30.158 [reactor-http-epoll-4] WARN  b.u.b.s.i.external.GpsApiClient - GPS API returned non-success code: 401, msg: Unauthorized, traceId: 1LOvQxRsfoeKt6LY
2025-11-20 12:02:30.215 [reactor-http-epoll-5] WARN  b.u.b.s.i.external.GpsApiClient - GPS API returned non-success code: 401, msg: Unauthorized, traceId: i8QxeuZpzBJ2HXes
2025-11-20 12:02:30.218 [reactor-http-epoll-3] WARN  b.u.b.s.i.external.GpsApiClient - GPS API returned non-success code: 401, msg: Unauthorized, traceId: jSBEgepeLKOHrzEW
2025-11-20 12:02:30.220 [reactor-http-epoll-4] WARN  b.u.b.s.i.external.GpsApiClient - GPS API returned non-success code: 401, msg: Unauthorized, traceId: 7Ej0xwoeAF9OUUVn
2025-11-20 12:02:30.279 [reactor-http-epoll-5] WARN  b.u.b.s.i.external.GpsApiClient - GPS API returned non-success code: 401, msg: Unauthorized, traceId: L4874vKnrjNRLowx
2025-11-20 12:02:30.287 [reactor-http-epoll-4] WARN  b.u.b.s.i.external.GpsApiClient - GPS API returned non-success code: 401, msg: Unauthorized, traceId: zepdJfrLrHlqOFGa
2025-11-20 12:02:30.290 [reactor-http-epoll-3] WARN  b.u.b.s.i.external.GpsApiClient - GPS API returned non-success code: 401, msg: Unauthorized, traceId: 8Mz2VObFHYaifo6d
2025-11-20 12:02:30.341 [reactor-http-epoll-4] WARN  b.u.b.s.i.external.GpsApiClient - GPS API returned non-success code: 401, msg: Unauthorized, traceId: fieWlqg8iIlWdByu
2025-11-20 12:02:30.348 [reactor-http-epoll-5] WARN  b.u.b.s.i.external.GpsApiClient - GPS API returned non-success code: 401, msg: Unauthorized, traceId: UmykvpdYOrrjeqkJ
2025-11-20 12:02:30.360 [reactor-http-epoll-4] WARN  b.u.b.s.i.external.GpsApiClient - GPS API returned non-success code: 401, msg: Unauthorized, traceId: vMcq8Ls0nRJvNsyl
2025-11-20 12:02:30.409 [reactor-http-epoll-4] WARN  b.u.b.s.i.external.GpsApiClient - GPS API returned non-success code: 401, msg: Unauthorized, traceId: mgM2WAQDrIYRiEd5
2025-11-20 12:02:30.411 [reactor-http-epoll-3] WARN  b.u.b.s.i.external.GpsApiClient - GPS API returned non-success code: 401, msg: Unauthorized, traceId: 6kthDbQU55PZvAAK
2025-11-20 12:02:30.421 [reactor-http-epoll-5] WARN  b.u.b.s.i.external.GpsApiClient - GPS API returned non-success code: 401, msg: Unauthorized, traceId: g0L643ax22PXqsv4
2025-11-20 12:02:30.422 [reactor-http-epoll-5] INFO  b.u.b.s.i.external.GpsApiClient - Successfully fetched 0 GPS positions from 18 batches
2025-11-20 12:02:30.422 [boundedElastic-1] INFO  b.u.b.t.s.VehicleDataScheduler - GPS update completed: duration=421ms, updated=0, created=0, failed=0, invalid=0, conflict=0
2025-11-20 12:02:51.051 [reactor-tcp-epoll-5] INFO  b.u.b.s.a.MaterializedViewRefreshService - [MaterializedView] mv_active_routes_summary refreshed in 39ms
2025-11-20 12:03:00.062 [reactor-http-epoll-4] WARN  b.u.b.s.i.external.GpsApiClient - GPS API returned non-success code: 401, msg: Unauthorized, traceId: aJ1OMemiP5thyWyG
2025-11-20 12:03:00.069 [reactor-http-epoll-4] WARN  b.u.b.s.i.external.GpsApiClient - GPS API returned non-success code: 401, msg: Unauthorized, traceId: eG1ExmHHX6atGuNc
2025-11-20 12:03:00.070 [reactor-http-epoll-3] WARN  b.u.b.s.i.external.GpsApiClient - GPS API returned non-success code: 401, msg: Unauthorized, traceId: Kf3n7J524OgJehbz
2025-11-20 12:03:00.125 [reactor-http-epoll-5] WARN  b.u.b.s.i.external.GpsApiClient - GPS API returned non-success code: 401, msg: Unauthorized, traceId: iVMwub0YsrnTfDxl
2025-11-20 12:03:00.131 [reactor-http-epoll-4] WARN  b.u.b.s.i.external.GpsApiClient - GPS API returned non-success code: 401, msg: Unauthorized, traceId: p5fGgqyoD8uc951N
2025-11-20 12:03:00.140 [reactor-http-epoll-4] WARN  b.u.b.s.i.external.GpsApiClient - GPS API returned non-success code: 401, msg: Unauthorized, traceId: NyfGmzZ1qy820zw7
2025-11-20 12:03:00.192 [reactor-http-epoll-5] WARN  b.u.b.s.i.external.GpsApiClient - GPS API returned non-success code: 401, msg: Unauthorized, traceId: oPFYt90Drpz9WNrF
2025-11-20 12:03:00.196 [reactor-http-epoll-3] WARN  b.u.b.s.i.external.GpsApiClient - GPS API returned non-success code: 401, msg: Unauthorized, traceId: OuMQhjJJTjsDNPPK
2025-11-20 12:03:00.200 [reactor-http-epoll-4] WARN  b.u.b.s.i.external.GpsApiClient - GPS API returned non-success code: 401, msg: Unauthorized, traceId: HGWVM5Auml4uFtMF
2025-11-20 12:03:00.257 [reactor-http-epoll-5] WARN  b.u.b.s.i.external.GpsApiClient - GPS API returned non-success code: 401, msg: Unauthorized, traceId: rEGHRaqVELjkRaBf
2025-11-20 12:03:00.263 [reactor-http-epoll-4] WARN  b.u.b.s.i.external.GpsApiClient - GPS API returned non-success code: 401, msg: Unauthorized, traceId: dqdWbASFHUpdR0e7
2025-11-20 12:03:00.269 [reactor-http-epoll-3] WARN  b.u.b.s.i.external.GpsApiClient - GPS API returned non-success code: 401, msg: Unauthorized, traceId: XPzkfd1iAZ2PVzgW
2025-11-20 12:03:00.319 [reactor-http-epoll-4] WARN  b.u.b.s.i.external.GpsApiClient - GPS API returned non-success code: 401, msg: Unauthorized, traceId: 9R27S1FE17hi6e16
2025-11-20 12:03:00.323 [reactor-http-epoll-5] WARN  b.u.b.s.i.external.GpsApiClient - GPS API returned non-success code: 401, msg: Unauthorized, traceId: PycUsNhuCNZeQgvT
2025-11-20 12:03:00.338 [reactor-http-epoll-4] WARN  b.u.b.s.i.external.GpsApiClient - GPS API returned non-success code: 401, msg: Unauthorized, traceId: KNAHs840kvYVTIyB
2025-11-20 12:03:00.385 [reactor-http-epoll-4] WARN  b.u.b.s.i.external.GpsApiClient - GPS API returned non-success code: 401, msg: Unauthorized, traceId: 9yyGa7QbOXxAZ3kW
2025-11-20 12:03:00.389 [reactor-http-epoll-3] WARN  b.u.b.s.i.external.GpsApiClient - GPS API returned non-success code: 401, msg: Unauthorized, traceId: hXomrDRMWkNzxkHl
2025-11-20 12:03:00.400 [reactor-http-epoll-5] WARN  b.u.b.s.i.external.GpsApiClient - GPS API returned non-success code: 401, msg: Unauthorized, traceId: r2tASWUJNuzlPBC7
2025-11-20 12:03:00.400 [reactor-http-epoll-5] INFO  b.u.b.s.i.external.GpsApiClient - Successfully fetched 0 GPS positions from 18 batches
2025-11-20 12:03:00.400 [boundedElastic-1] INFO  b.u.b.t.s.VehicleDataScheduler - GPS update completed: duration=407ms, updated=0, created=0, failed=0, invalid=0, conflict=0
2025-11-20 12:03:30.106 [reactor-http-epoll-4] WARN  b.u.b.s.i.external.GpsApiClient - GPS API returned non-success code: 401, msg: Unauthorized, traceId: 9Wj0eEzp3j7GKMTU
2025-11-20 12:03:30.113 [reactor-http-epoll-3] WARN  b.u.b.s.i.external.GpsApiClient - GPS API returned non-success code: 401, msg: Unauthorized, traceId: XjXPnLWnuhJ0Rbu0
2025-11-20 12:03:30.114 [reactor-http-epoll-4] WARN  b.u.b.s.i.external.GpsApiClient - GPS API returned non-success code: 401, msg: Unauthorized, traceId: IAtASOh8j80czteB
2025-11-20 12:03:30.170 [reactor-http-epoll-5] WARN  b.u.b.s.i.external.GpsApiClient - GPS API returned non-success code: 401, msg: Unauthorized, traceId: hyAs9DQExTEXW7WC
2025-11-20 12:03:30.174 [reactor-http-epoll-4] WARN  b.u.b.s.i.external.GpsApiClient - GPS API returned non-success code: 401, msg: Unauthorized, traceId: YKSNFnyjcoJEKSo7
2025-11-20 12:03:30.184 [reactor-http-epoll-4] WARN  b.u.b.s.i.external.GpsApiClient - GPS API returned non-success code: 401, msg: Unauthorized, traceId: pyhKCBex40uvq52g
2025-11-20 12:03:30.236 [reactor-http-epoll-5] WARN  b.u.b.s.i.external.GpsApiClient - GPS API returned non-success code: 401, msg: Unauthorized, traceId: ytFPMldWLQBDLMoP
2025-11-20 12:03:30.241 [reactor-http-epoll-3] WARN  b.u.b.s.i.external.GpsApiClient - GPS API returned non-success code: 401, msg: Unauthorized, traceId: k4VJ6qcGPuEEB89k
2025-11-20 12:03:30.245 [reactor-http-epoll-4] WARN  b.u.b.s.i.external.GpsApiClient - GPS API returned non-success code: 401, msg: Unauthorized, traceId: HznCaKlpqu2tVBv9
2025-11-20 12:03:30.304 [reactor-http-epoll-5] WARN  b.u.b.s.i.external.GpsApiClient - GPS API returned non-success code: 401, msg: Unauthorized, traceId: wN49zJGlEmbhhFBf
2025-11-20 12:03:30.308 [reactor-http-epoll-4] WARN  b.u.b.s.i.external.GpsApiClient - GPS API returned non-success code: 401, msg: Unauthorized, traceId: 9BqAo3guFg1Mi4n6
2025-11-20 12:03:30.315 [reactor-http-epoll-3] WARN  b.u.b.s.i.external.GpsApiClient - GPS API returned non-success code: 401, msg: Unauthorized, traceId: rZrbnqF3f49nppmU
2025-11-20 12:03:30.371 [reactor-http-epoll-4] WARN  b.u.b.s.i.external.GpsApiClient - GPS API returned non-success code: 401, msg: Unauthorized, traceId: 8iG2IWDQbzcERHkL
2025-11-20 12:03:30.371 [reactor-http-epoll-5] WARN  b.u.b.s.i.external.GpsApiClient - GPS API returned non-success code: 401, msg: Unauthorized, traceId: PPBINtC76ZHLGXbP
2025-11-20 12:03:30.385 [reactor-http-epoll-4] WARN  b.u.b.s.i.external.GpsApiClient - GPS API returned non-success code: 401, msg: Unauthorized, traceId: aK2sLtEteWfwvnaL
2025-11-20 12:03:30.431 [reactor-http-epoll-5] WARN  b.u.b.s.i.external.GpsApiClient - GPS API returned non-success code: 401, msg: Unauthorized, traceId: lcvAh6IvHyeMJb42
2025-11-20 12:03:30.441 [reactor-http-epoll-3] WARN  b.u.b.s.i.external.GpsApiClient - GPS API returned non-success code: 401, msg: Unauthorized, traceId: DLVQ2GH54GAk4ZjQ
2025-11-20 12:03:30.445 [reactor-http-epoll-4] WARN  b.u.b.s.i.external.GpsApiClient - GPS API returned non-success code: 401, msg: Unauthorized, traceId: fp3KfwIXB0mS5bzs
2025-11-20 12:03:30.445 [reactor-http-epoll-4] INFO  b.u.b.s.i.external.GpsApiClient - Successfully fetched 0 GPS positions from 18 batches
2025-11-20 12:03:30.446 [boundedElastic-1] INFO  b.u.b.t.s.VehicleDataScheduler - GPS update completed: duration=430ms, updated=0, created=0, failed=0, invalid=0, conflict=0
2025-11-20 12:03:54.305 [reactor-tcp-epoll-7] INFO  b.u.b.s.a.MaterializedViewRefreshService - [MaterializedView] mv_popular_direct_routes refreshed in 3299ms
2025-11-20 12:03:59.999 [scheduled-task-1] INFO  b.u.b.t.s.VehicleDataScheduler - Starting scheduled bus route assignments sync
2025-11-20 12:04:00.064 [reactor-http-epoll-5] WARN  b.u.b.s.i.external.GpsApiClient - GPS API returned non-success code: 401, msg: Unauthorized, traceId: rIIWBglVVlqG3Ncz
2025-11-20 12:04:00.072 [reactor-http-epoll-4] WARN  b.u.b.s.i.external.GpsApiClient - GPS API returned non-success code: 401, msg: Unauthorized, traceId: dSZZ6zvgvAJ6Fftt
2025-11-20 12:04:00.073 [reactor-http-epoll-3] WARN  b.u.b.s.i.external.GpsApiClient - GPS API returned non-success code: 401, msg: Unauthorized, traceId: 0JZl8XqND3UpQR28
2025-11-20 12:04:00.127 [reactor-http-epoll-4] WARN  b.u.b.s.i.external.GpsApiClient - GPS API returned non-success code: 401, msg: Unauthorized, traceId: i2hmdcDHsMd2jT4w
2025-11-20 12:04:00.134 [reactor-http-epoll-5] WARN  b.u.b.s.i.external.GpsApiClient - GPS API returned non-success code: 401, msg: Unauthorized, traceId: eJMIoCyUtTyeFZl2
2025-11-20 12:04:00.140 [reactor-http-epoll-3] WARN  b.u.b.s.i.external.GpsApiClient - GPS API returned non-success code: 401, msg: Unauthorized, traceId: ZanGfKyjJvSFTK0k
2025-11-20 12:04:00.196 [reactor-http-epoll-4] WARN  b.u.b.s.i.external.GpsApiClient - GPS API returned non-success code: 401, msg: Unauthorized, traceId: xiIAihizUKQTiyjh
2025-11-20 12:04:00.199 [reactor-http-epoll-4] WARN  b.u.b.s.i.external.GpsApiClient - GPS API returned non-success code: 401, msg: Unauthorized, traceId: dGiwEJXH0wK2SWaJ
2025-11-20 12:04:00.202 [reactor-http-epoll-5] WARN  b.u.b.s.i.external.GpsApiClient - GPS API returned non-success code: 401, msg: Unauthorized, traceId: 4v4Y6MMY6OC7rYB9
2025-11-20 12:04:00.261 [reactor-http-epoll-4] WARN  b.u.b.s.i.external.GpsApiClient - GPS API returned non-success code: 401, msg: Unauthorized, traceId: jcbDZyqIsbUkyVDr
2025-11-20 12:04:00.268 [reactor-http-epoll-3] WARN  b.u.b.s.i.external.GpsApiClient - GPS API returned non-success code: 401, msg: Unauthorized, traceId: WX09M8k1Aibl4LF7
2025-11-20 12:04:00.272 [reactor-http-epoll-4] WARN  b.u.b.s.i.external.GpsApiClient - GPS API returned non-success code: 401, msg: Unauthorized, traceId: M5aaRH8ugjeJG6Lf
2025-11-20 12:04:00.322 [reactor-http-epoll-5] WARN  b.u.b.s.i.external.GpsApiClient - GPS API returned non-success code: 401, msg: Unauthorized, traceId: dt6ZDuhLNIEZX4dv
2025-11-20 12:04:00.327 [reactor-http-epoll-4] WARN  b.u.b.s.i.external.GpsApiClient - GPS API returned non-success code: 401, msg: Unauthorized, traceId: 5nkwVWyAcq4hpGk8
2025-11-20 12:04:00.338 [reactor-http-epoll-3] WARN  b.u.b.s.i.external.GpsApiClient - GPS API returned non-success code: 401, msg: Unauthorized, traceId: a9ebhVA6JYlMq5JC
2025-11-20 12:04:00.389 [reactor-http-epoll-5] WARN  b.u.b.s.i.external.GpsApiClient - GPS API returned non-success code: 401, msg: Unauthorized, traceId: rAIXIaEoAYJVJX80
2025-11-20 12:04:00.393 [reactor-http-epoll-4] WARN  b.u.b.s.i.external.GpsApiClient - GPS API returned non-success code: 401, msg: Unauthorized, traceId: rF4rlN9e7VmCkbu5
2025-11-20 12:04:00.397 [reactor-http-epoll-4] WARN  b.u.b.s.i.external.GpsApiClient - GPS API returned non-success code: 401, msg: Unauthorized, traceId: 0cwPlqZ16flTiR5p
2025-11-20 12:04:00.397 [reactor-http-epoll-4] INFO  b.u.b.s.i.external.GpsApiClient - Successfully fetched 0 GPS positions from 18 batches
2025-11-20 12:04:00.398 [boundedElastic-1] INFO  b.u.b.t.s.VehicleDataScheduler - GPS update completed: duration=405ms, updated=0, created=0, failed=0, invalid=0, conflict=0
2025-11-20 12:04:00.734 [reactor-http-epoll-8] INFO  b.u.b.s.i.external.BusInfoApiClient - Successfully fetched 333 bus route assignments
2025-11-20 12:04:00.734 [reactor-http-epoll-8] INFO  b.u.b.t.s.VehicleDataScheduler - Fetched 333 bus route assignments, processing...
2025-11-20 12:04:00.734 [reactor-http-epoll-8] INFO  b.u.b.t.a.u.SyncBusRouteAssignmentsUseCase - Syncing route assignments for 333 buses - CorrelationId: CorrelationId[value=TRANS-66580590]
2025-11-20 12:04:00.809 [reactor-tcp-epoll-7] INFO  b.u.b.t.a.u.SyncBusRouteAssignmentsUseCase - Route assignment sync completed: BusRouteAssignmentResult[assignedCount=5, unchangedCount=0, failedCount=0, vehicleNotFoundCount=328, routeNotFoundCount=0, processedAt=2025-11-20T09:04:00.809465077Z]
2025-11-20 12:04:00.809 [reactor-tcp-epoll-7] INFO  b.u.b.t.s.VehicleDataScheduler - Bus route sync completed in 809ms: BusRouteAssignmentResult[assignedCount=5, unchangedCount=0, failedCount=0, vehicleNotFoundCount=328, routeNotFoundCount=0, processedAt=2025-11-20T09:04:00.809465077Z]
2025-11-20 12:04:30.067 [reactor-http-epoll-5] WARN  b.u.b.s.i.external.GpsApiClient - GPS API returned non-success code: 401, msg: Unauthorized, traceId: N3bm3HvXhMyASsVn
2025-11-20 12:04:30.076 [reactor-http-epoll-4] WARN  b.u.b.s.i.external.GpsApiClient - GPS API returned non-success code: 401, msg: Unauthorized, traceId: 3rfqm95Lg4gzlUKl
2025-11-20 12:04:30.077 [reactor-http-epoll-3] WARN  b.u.b.s.i.external.GpsApiClient - GPS API returned non-success code: 401, msg: Unauthorized, traceId: w6tCy30lm8BoUp3E
2025-11-20 12:04:30.130 [reactor-http-epoll-4] WARN  b.u.b.s.i.external.GpsApiClient - GPS API returned non-success code: 401, msg: Unauthorized, traceId: Fk6xSntvs114LKe8
2025-11-20 12:04:30.138 [reactor-http-epoll-5] WARN  b.u.b.s.i.external.GpsApiClient - GPS API returned non-success code: 401, msg: Unauthorized, traceId: liYZRFPaXuEhEclc
2025-11-20 12:04:30.144 [reactor-http-epoll-4] WARN  b.u.b.s.i.external.GpsApiClient - GPS API returned non-success code: 401, msg: Unauthorized, traceId: M78hDeccvjdR9Vji
2025-11-20 12:04:30.199 [reactor-http-epoll-4] WARN  b.u.b.s.i.external.GpsApiClient - GPS API returned non-success code: 401, msg: Unauthorized, traceId: iXdTRnlod9NGKPVm
2025-11-20 12:04:30.200 [reactor-http-epoll-3] WARN  b.u.b.s.i.external.GpsApiClient - GPS API returned non-success code: 401, msg: Unauthorized, traceId: o14Em0WzuXzr2ESr
2025-11-20 12:04:30.205 [reactor-http-epoll-5] WARN  b.u.b.s.i.external.GpsApiClient - GPS API returned non-success code: 401, msg: Unauthorized, traceId: bYIM02iHQ4mVmjXf
2025-11-20 12:04:30.264 [reactor-http-epoll-4] WARN  b.u.b.s.i.external.GpsApiClient - GPS API returned non-success code: 401, msg: Unauthorized, traceId: O2BbPTXFl65ZRx6b
2025-11-20 12:04:30.270 [reactor-http-epoll-4] WARN  b.u.b.s.i.external.GpsApiClient - GPS API returned non-success code: 401, msg: Unauthorized, traceId: 7RomXFB15X1xgKlw
2025-11-20 12:04:30.276 [reactor-http-epoll-3] WARN  b.u.b.s.i.external.GpsApiClient - GPS API returned non-success code: 401, msg: Unauthorized, traceId: y4EoCk5p1CbbSoH1
2025-11-20 12:04:30.330 [reactor-http-epoll-5] WARN  b.u.b.s.i.external.GpsApiClient - GPS API returned non-success code: 401, msg: Unauthorized, traceId: Bw54dM5AtPMRIZUp
2025-11-20 12:04:30.331 [reactor-http-epoll-4] WARN  b.u.b.s.i.external.GpsApiClient - GPS API returned non-success code: 401, msg: Unauthorized, traceId: KThT2gmRONOxiboh
2025-11-20 12:04:30.343 [reactor-http-epoll-4] WARN  b.u.b.s.i.external.GpsApiClient - GPS API returned non-success code: 401, msg: Unauthorized, traceId: QF44420c2cwFApT9
2025-11-20 12:04:30.391 [reactor-http-epoll-5] WARN  b.u.b.s.i.external.GpsApiClient - GPS API returned non-success code: 401, msg: Unauthorized, traceId: AeQdTXrHq4gOdN0I
2025-11-20 12:04:30.400 [reactor-http-epoll-3] WARN  b.u.b.s.i.external.GpsApiClient - GPS API returned non-success code: 401, msg: Unauthorized, traceId: Y88UMnRCzfzH6QuX
2025-11-20 12:04:30.404 [reactor-http-epoll-4] WARN  b.u.b.s.i.external.GpsApiClient - GPS API returned non-success code: 401, msg: Unauthorized, traceId: PxxZU2mHxk7kwUvY
2025-11-20 12:04:30.404 [reactor-http-epoll-4] INFO  b.u.b.s.i.external.GpsApiClient - Successfully fetched 0 GPS positions from 18 batches
2025-11-20 12:04:30.404 [boundedElastic-1] INFO  b.u.b.t.s.VehicleDataScheduler - GPS update completed: duration=402ms, updated=0, created=0, failed=0, invalid=0, conflict=0
2025-11-20 12:04:51.871 [reactor-tcp-epoll-7] INFO  b.u.b.s.a.MaterializedViewRefreshService - [MaterializedView] mv_stop_connections refreshed in 964ms
2025-11-20 14:05:51.220 [reactor-http-epoll-5] WARN  b.u.b.s.i.external.GpsApiClient - GPS API returned non-success code: 401, msg: Unauthorized, traceId: 2CTkMh15DVLCg1Bd
2025-11-20 14:05:51.227 [reactor-http-epoll-3] WARN  b.u.b.s.i.external.GpsApiClient - GPS API returned non-success code: 401, msg: Unauthorized, traceId: PVHnrycfA13Hg3fc
2025-11-20 14:05:51.228 [reactor-http-epoll-4] WARN  b.u.b.s.i.external.GpsApiClient - GPS API returned non-success code: 401, msg: Unauthorized, traceId: p4p1KOmqUuAOvsKD
2025-11-20 14:05:51.285 [reactor-http-epoll-4] WARN  b.u.b.s.i.external.GpsApiClient - GPS API returned non-success code: 401, msg: Unauthorized, traceId: 3ux1VRKNxzV9RlLY
2025-11-20 14:05:51.289 [reactor-http-epoll-5] WARN  b.u.b.s.i.external.GpsApiClient - GPS API returned non-success code: 401, msg: Unauthorized, traceId: utKLN93iFmL6dnZC
2025-11-20 14:05:51.298 [reactor-http-epoll-4] WARN  b.u.b.s.i.external.GpsApiClient - GPS API returned non-success code: 401, msg: Unauthorized, traceId: 3mdICqhmvWyeFg2Q
2025-11-20 14:05:51.350 [reactor-http-epoll-4] WARN  b.u.b.s.i.external.GpsApiClient - GPS API returned non-success code: 401, msg: Unauthorized, traceId: YLqySU3PLXScGsv3
2025-11-20 14:05:51.355 [reactor-http-epoll-3] WARN  b.u.b.s.i.external.GpsApiClient - GPS API returned non-success code: 401, msg: Unauthorized, traceId: sCji9qfSg0UsxhML
2025-11-20 14:05:51.358 [reactor-http-epoll-5] WARN  b.u.b.s.i.external.GpsApiClient - GPS API returned non-success code: 401, msg: Unauthorized, traceId: KPVTiF8u8UArRhMP
2025-11-20 14:05:51.417 [reactor-http-epoll-4] WARN  b.u.b.s.i.external.GpsApiClient - GPS API returned non-success code: 401, msg: Unauthorized, traceId: gakx2Jku6EM2XJUO
2025-11-20 14:05:51.421 [reactor-http-epoll-4] WARN  b.u.b.s.i.external.GpsApiClient - GPS API returned non-success code: 401, msg: Unauthorized, traceId: 9Sjpb73ED8di5yn5
2025-11-20 14:05:51.427 [reactor-http-epoll-3] WARN  b.u.b.s.i.external.GpsApiClient - GPS API returned non-success code: 401, msg: Unauthorized, traceId: 5mcmPuCZAYZO3CTS
2025-11-20 14:05:51.481 [reactor-http-epoll-5] WARN  b.u.b.s.i.external.GpsApiClient - GPS API returned non-success code: 401, msg: Unauthorized, traceId: O255CB1XnYo1jJnm
2025-11-20 14:05:51.483 [reactor-http-epoll-4] WARN  b.u.b.s.i.external.GpsApiClient - GPS API returned non-success code: 401, msg: Unauthorized, traceId: OLgIVPuls5JePwuD
2025-11-20 14:05:51.495 [reactor-http-epoll-4] WARN  b.u.b.s.i.external.GpsApiClient - GPS API returned non-success code: 401, msg: Unauthorized, traceId: 6CYcfijDTQSbAqwg
2025-11-20 14:05:51.546 [reactor-http-epoll-5] WARN  b.u.b.s.i.external.GpsApiClient - GPS API returned non-success code: 401, msg: Unauthorized, traceId: LnoZ8gtZ3PH08ebK
2025-11-20 14:05:51.552 [reactor-http-epoll-3] WARN  b.u.b.s.i.external.GpsApiClient - GPS API returned non-success code: 401, msg: Unauthorized, traceId: q7AeS24jmFzHG6QQ
2025-11-20 14:05:51.556 [reactor-http-epoll-4] WARN  b.u.b.s.i.external.GpsApiClient - GPS API returned non-success code: 401, msg: Unauthorized, traceId: 5vJ2iHWfPmfOt7ze
2025-11-20 14:05:51.556 [reactor-http-epoll-4] INFO  b.u.b.s.i.external.GpsApiClient - Successfully fetched 0 GPS positions from 18 batches
2025-11-20 14:05:51.556 [boundedElastic-1] INFO  b.u.b.t.s.VehicleDataScheduler - GPS update completed: duration=416ms, updated=0, created=0, failed=0, invalid=0, conflict=0
2025-11-20 14:06:00.067 [reactor-http-epoll-5] WARN  b.u.b.s.i.external.GpsApiClient - GPS API returned non-success code: 401, msg: Unauthorized, traceId: SEFuvpBnuzEmWnFl
2025-11-20 14:06:00.076 [reactor-http-epoll-3] WARN  b.u.b.s.i.external.GpsApiClient - GPS API returned non-success code: 401, msg: Unauthorized, traceId: 5Abj38A1G3ns5Df1
2025-11-20 14:06:00.077 [reactor-http-epoll-4] WARN  b.u.b.s.i.external.GpsApiClient - GPS API returned non-success code: 401, msg: Unauthorized, traceId: yrx6ry0BmcKfkeZk
2025-11-20 14:06:00.130 [reactor-http-epoll-4] WARN  b.u.b.s.i.external.GpsApiClient - GPS API returned non-success code: 401, msg: Unauthorized, traceId: 1LuRjIl3WTkVqDZE
2025-11-20 14:06:00.138 [reactor-http-epoll-5] WARN  b.u.b.s.i.external.GpsApiClient - GPS API returned non-success code: 401, msg: Unauthorized, traceId: eL9yQHBBY3kZ6hWR
2025-11-20 14:06:00.148 [reactor-http-epoll-4] WARN  b.u.b.s.i.external.GpsApiClient - GPS API returned non-success code: 401, msg: Unauthorized, traceId: Yt6LjEcLrefYOWd3
2025-11-20 14:06:00.199 [reactor-http-epoll-4] WARN  b.u.b.s.i.external.GpsApiClient - GPS API returned non-success code: 401, msg: Unauthorized, traceId: Nc46mZco0DNcAR8i
2025-11-20 14:06:00.201 [reactor-http-epoll-3] WARN  b.u.b.s.i.external.GpsApiClient - GPS API returned non-success code: 401, msg: Unauthorized, traceId: QyYoD5QZtmx9U3Py
2025-11-20 14:06:00.208 [reactor-http-epoll-5] WARN  b.u.b.s.i.external.GpsApiClient - GPS API returned non-success code: 401, msg: Unauthorized, traceId: YubxJpmpPVI3Vjyi
2025-11-20 14:06:00.263 [reactor-http-epoll-4] WARN  b.u.b.s.i.external.GpsApiClient - GPS API returned non-success code: 401, msg: Unauthorized, traceId: l5a2aGV0xTqj8jVt
2025-11-20 14:06:00.269 [reactor-http-epoll-4] WARN  b.u.b.s.i.external.GpsApiClient - GPS API returned non-success code: 401, msg: Unauthorized, traceId: AkRUVYUOoOpcBre4
2025-11-20 14:06:00.277 [reactor-http-epoll-3] WARN  b.u.b.s.i.external.GpsApiClient - GPS API returned non-success code: 401, msg: Unauthorized, traceId: vy7iLPk26Xupg8KX
2025-11-20 14:06:00.327 [reactor-http-epoll-5] WARN  b.u.b.s.i.external.GpsApiClient - GPS API returned non-success code: 401, msg: Unauthorized, traceId: 28VrF6hgXB1Fm7BE
2025-11-20 14:06:00.330 [reactor-http-epoll-4] WARN  b.u.b.s.i.external.GpsApiClient - GPS API returned non-success code: 401, msg: Unauthorized, traceId: dSgggtwanU0NQzwv
2025-11-20 14:06:00.347 [reactor-http-epoll-4] WARN  b.u.b.s.i.external.GpsApiClient - GPS API returned non-success code: 401, msg: Unauthorized, traceId: MawaZTK6KuOgLflV
2025-11-20 14:06:00.393 [reactor-http-epoll-5] WARN  b.u.b.s.i.external.GpsApiClient - GPS API returned non-success code: 401, msg: Unauthorized, traceId: O5h4JMhMn9sJ7Ux3
2025-11-20 14:06:00.397 [reactor-http-epoll-3] WARN  b.u.b.s.i.external.GpsApiClient - GPS API returned non-success code: 401, msg: Unauthorized, traceId: bPXtY6nAXpPpblRd
2025-11-20 14:06:00.408 [reactor-http-epoll-4] WARN  b.u.b.s.i.external.GpsApiClient - GPS API returned non-success code: 401, msg: Unauthorized, traceId: e2cKWEdJ3SKGnijz
2025-11-20 14:06:00.408 [reactor-http-epoll-4] INFO  b.u.b.s.i.external.GpsApiClient - Successfully fetched 0 GPS positions from 18 batches
2025-11-20 14:06:00.408 [boundedElastic-1] INFO  b.u.b.t.s.VehicleDataScheduler - GPS update completed: duration=408ms, updated=0, created=0, failed=0, invalid=0, conflict=0
2025-11-20 12:05:38.922 [reactor-http-epoll-5] WARN  b.u.b.s.i.external.GpsApiClient - GPS API returned non-success code: 401, msg: Unauthorized, traceId: 6yTg1AWnfHyv7Yx9
2025-11-20 12:05:38.930 [reactor-http-epoll-4] WARN  b.u.b.s.i.external.GpsApiClient - GPS API returned non-success code: 401, msg: Unauthorized, traceId: Dg7UM6cKG6rmlRIH
2025-11-20 12:05:38.930 [reactor-http-epoll-3] WARN  b.u.b.s.i.external.GpsApiClient - GPS API returned non-success code: 401, msg: Unauthorized, traceId: yoKQTs5tXFi2bgIY
2025-11-20 12:05:38.983 [reactor-http-epoll-4] WARN  b.u.b.s.i.external.GpsApiClient - GPS API returned non-success code: 401, msg: Unauthorized, traceId: ETz1iaLHUtuylFPb
2025-11-20 12:05:38.991 [reactor-http-epoll-5] WARN  b.u.b.s.i.external.GpsApiClient - GPS API returned non-success code: 401, msg: Unauthorized, traceId: ErMg5j36XHOSa299
2025-11-20 12:05:39.001 [reactor-http-epoll-3] WARN  b.u.b.s.i.external.GpsApiClient - GPS API returned non-success code: 401, msg: Unauthorized, traceId: PhRTtDebDmKXNXCl
2025-11-20 12:05:39.054 [reactor-http-epoll-4] WARN  b.u.b.s.i.external.GpsApiClient - GPS API returned non-success code: 401, msg: Unauthorized, traceId: s2cvAiXFx1aJABuD
2025-11-20 12:05:39.057 [reactor-http-epoll-4] WARN  b.u.b.s.i.external.GpsApiClient - GPS API returned non-success code: 401, msg: Unauthorized, traceId: I1GbPKxdXLwCSyLa
2025-11-20 12:05:39.065 [reactor-http-epoll-5] WARN  b.u.b.s.i.external.GpsApiClient - GPS API returned non-success code: 401, msg: Unauthorized, traceId: IW39W9HJ8gZ2Wy5B
2025-11-20 12:05:39.118 [reactor-http-epoll-4] WARN  b.u.b.s.i.external.GpsApiClient - GPS API returned non-success code: 401, msg: Unauthorized, traceId: 5HWtz6mlRFwUWpy8
2025-11-20 12:05:39.125 [reactor-http-epoll-3] WARN  b.u.b.s.i.external.GpsApiClient - GPS API returned non-success code: 401, msg: Unauthorized, traceId: b0nlwnFNSoakpHEv
2025-11-20 12:05:39.135 [reactor-http-epoll-4] WARN  b.u.b.s.i.external.GpsApiClient - GPS API returned non-success code: 401, msg: Unauthorized, traceId: 7yE2yrjs8zUhWRN9
2025-11-20 12:05:39.180 [reactor-http-epoll-5] WARN  b.u.b.s.i.external.GpsApiClient - GPS API returned non-success code: 401, msg: Unauthorized, traceId: BChk5jXB4IFKm2qQ
2025-11-20 12:05:39.185 [reactor-http-epoll-4] WARN  b.u.b.s.i.external.GpsApiClient - GPS API returned non-success code: 401, msg: Unauthorized, traceId: iN7pTt4VWMk5wzn8
2025-11-20 12:05:39.205 [reactor-http-epoll-3] WARN  b.u.b.s.i.external.GpsApiClient - GPS API returned non-success code: 401, msg: Unauthorized, traceId: A3GwBJuZLUVWECh7
2025-11-20 12:05:39.246 [reactor-http-epoll-5] WARN  b.u.b.s.i.external.GpsApiClient - GPS API returned non-success code: 401, msg: Unauthorized, traceId: JwI1v672IQb1Ki6j
2025-11-20 12:05:39.252 [reactor-http-epoll-4] WARN  b.u.b.s.i.external.GpsApiClient - GPS API returned non-success code: 401, msg: Unauthorized, traceId: iDIUhNqVV0hAB3GC
2025-11-20 12:05:39.268 [reactor-http-epoll-4] WARN  b.u.b.s.i.external.GpsApiClient - GPS API returned non-success code: 401, msg: Unauthorized, traceId: wrAVFCy2HzLw0taI
2025-11-20 12:05:39.269 [reactor-http-epoll-4] INFO  b.u.b.s.i.external.GpsApiClient - Successfully fetched 0 GPS positions from 18 batches
2025-11-20 12:05:39.271 [boundedElastic-1] INFO  b.u.b.t.s.VehicleDataScheduler - GPS update completed: duration=414ms, updated=0, created=0, failed=0, invalid=0, conflict=0
2025-11-20 12:05:51.057 [reactor-tcp-epoll-5] INFO  b.u.b.s.a.MaterializedViewRefreshService - [MaterializedView] mv_route_statistics refreshed in 54ms
2025-11-20 12:05:56.115 [SpringApplicationShutdownHook] INFO  o.s.b.w.e.netty.GracefulShutdown - Commencing graceful shutdown. Waiting for active requests to complete
2025-11-20 12:05:56.116 [netty-shutdown] INFO  o.s.b.w.e.netty.GracefulShutdown - Graceful shutdown complete
[INFO] ------------------------------------------------------------------------
[INFO] BUILD FAILURE
[INFO] ------------------------------------------------------------------------
[INFO] Total time:  04:10 min
[INFO] Finished at: 2025-11-20T12:05:58+03:00
[INFO] ------------------------------------------------------------------------
[ERROR] Failed to execute goal org.springframework.boot:spring-boot-maven-plugin:3.5.3:run (default-cli) on project bus-route-backend: Process terminated with exit code: 143 -> [Help 1]
[ERROR] 
[ERROR] To see the full stack trace of the errors, re-run Maven with the -e switch.
[ERROR] Re-run Maven using the -X switch to enable full debug logging.
[ERROR] 
[ERROR] For more information about the errors and possible solutions, please read the following articles:
[ERROR] [Help 1] http://cwiki.apache.org/confluence/display/MAVEN/MojoExecutionException
