WARNING: A terminally deprecated method in sun.misc.Unsafe has been called
WARNING: sun.misc.Unsafe::staticFieldBase has been called by com.google.inject.internal.aop.HiddenClassDefiner (file:/root/.m2/wrapper/dists/apache-maven-3.9.11/a2d47e15/lib/guice-5.1.0-classes.jar)
WARNING: Please consider reporting this to the maintainers of class com.google.inject.internal.aop.HiddenClassDefiner
WARNING: sun.misc.Unsafe::staticFieldBase will be removed in a future release
[INFO] Scanning for projects...
[INFO] 
[INFO] ---------------------< biz.ugur:bus-route-backend >---------------------
[INFO] Building Bus Route Planning System 0.0.1
[INFO]   from pom.xml
[INFO] --------------------------------[ jar ]---------------------------------
[INFO] 
[INFO] >>> spring-boot:3.5.3:run (default-cli) > test-compile @ bus-route-backend >>>
[INFO] 
[INFO] --- jacoco:0.8.14:prepare-agent (default) @ bus-route-backend ---
[INFO] argLine set to -javaagent:/root/.m2/repository/org/jacoco/org.jacoco.agent/0.8.14/org.jacoco.agent-0.8.14-runtime.jar=destfile=/home/developer/projects/bus/ugur_v4/bus-route-backend/target/jacoco.exec,excludes=biz\\ugur\\busroutebackend\\admin\\**:biz\\ugur\\busroutebackend\\client\\**:biz\\ugur\\busroutebackend\\geospatial\\**:biz\\ugur\\busroutebackend\\interfaces\\**:biz\\ugur\\busroutebackend\\routing\\**:biz\\ugur\\busroutebackend\\shared\\**:biz\\ugur\\busroutebackend\\transport\\**:biz\\ugur\\busroutebackend\\BusRouteBackendApplication.class
[INFO] 
[INFO] --- resources:3.3.1:resources (default-resources) @ bus-route-backend ---
[INFO] Copying 4 resources from src/main/resources to target/classes
[INFO] Copying 21 resources from src/main/resources to target/classes
[INFO] 
[INFO] --- compiler:3.14.0:compile (default-compile) @ bus-route-backend ---
[INFO] Recompiling the module because of changed source code.
[INFO] Compiling 500 source files with javac [debug parameters release 24] to target/classes
[INFO] 
[INFO] --- resources:3.3.1:testResources (default-testResources) @ bus-route-backend ---
[INFO] skip non existing resourceDirectory /home/developer/projects/bus/ugur_v4/bus-route-backend/src/test/resources
[INFO] 
[INFO] --- compiler:3.14.0:testCompile (default-testCompile) @ bus-route-backend ---
[INFO] Recompiling the module because of changed dependency.
[INFO] Compiling 24 source files with javac [debug parameters release 24] to target/test-classes
[INFO] /home/developer/projects/bus/ugur_v4/bus-route-backend/src/test/java/biz/ugur/busroutebackend/banner/application/usecase/admin/SearchBannersUseCaseTest.java: /home/developer/projects/bus/ugur_v4/bus-route-backend/src/test/java/biz/ugur/busroutebackend/banner/application/usecase/admin/SearchBannersUseCaseTest.java uses unchecked or unsafe operations.
[INFO] /home/developer/projects/bus/ugur_v4/bus-route-backend/src/test/java/biz/ugur/busroutebackend/banner/application/usecase/admin/SearchBannersUseCaseTest.java: Recompile with -Xlint:unchecked for details.
[INFO] 
[INFO] <<< spring-boot:3.5.3:run (default-cli) < test-compile @ bus-route-backend <<<
[INFO] 
[INFO] 
[INFO] --- spring-boot:3.5.3:run (default-cli) @ bus-route-backend ---
[INFO] Attaching agents: []

  .   ____          _            __ _ _
 /\\ / ___'_ __ _ _(_)_ __  __ _ \ \ \ \
( ( )\___ | '_ | '_| | '_ \/ _` | \ \ \ \
 \\/  ___)| |_)| | | | | || (_| |  ) ) ) )
  '  |____| .__|_| |_|_| |_\__, | / / / /
 =========|_|==============|___/=/_/_/_/

 :: Spring Boot ::                (v3.5.3)

2025-10-31 16:16:15.913 [main] INFO  b.u.b.BusRouteBackendApplication - Starting BusRouteBackendApplication using Java 25 with PID 262683 (/home/developer/projects/bus/ugur_v4/bus-route-backend/target/classes started by root in /home/developer/projects/bus/ugur_v4/bus-route-backend)
2025-10-31 16:16:15.914 [main] INFO  b.u.b.BusRouteBackendApplication - The following 1 profile is active: "dev"
2025-10-31 16:16:16.341 [main] INFO  o.s.d.r.c.RepositoryConfigurationDelegate - Multiple Spring Data modules found, entering strict repository configuration mode
2025-10-31 16:16:16.341 [main] INFO  o.s.d.r.c.RepositoryConfigurationDelegate - Bootstrapping Spring Data R2DBC repositories in DEFAULT mode.
2025-10-31 16:16:16.346 [main] INFO  o.s.d.r.c.RepositoryConfigurationDelegate - Finished Spring Data repository scanning in 1 ms. Found 0 R2DBC repository interfaces.
2025-10-31 16:16:16.572 [main] INFO  o.s.d.r.c.RepositoryConfigurationDelegate - Multiple Spring Data modules found, entering strict repository configuration mode
2025-10-31 16:16:16.572 [main] INFO  o.s.d.r.c.RepositoryConfigurationDelegate - Bootstrapping Spring Data R2DBC repositories in DEFAULT mode.
2025-10-31 16:16:16.589 [main] INFO  o.s.d.r.c.RepositoryConfigurationDelegate - Finished Spring Data repository scanning in 16 ms. Found 0 R2DBC repository interfaces.
2025-10-31 16:16:16.594 [main] INFO  o.s.d.r.c.RepositoryConfigurationDelegate - Multiple Spring Data modules found, entering strict repository configuration mode
2025-10-31 16:16:16.595 [main] INFO  o.s.d.r.c.RepositoryConfigurationDelegate - Bootstrapping Spring Data Redis repositories in DEFAULT mode.
2025-10-31 18:17:06.207 [main] INFO  o.s.d.r.c.RepositoryConfigurationDelegate - Finished Spring Data repository scanning in 8 ms. Found 0 Redis repository interfaces.
WARNING: A terminally deprecated method in sun.misc.Unsafe has been called
WARNING: sun.misc.Unsafe::allocateMemory has been called by io.netty.util.internal.PlatformDependent0$2 (file:/root/.m2/repository/io/netty/netty-common/4.1.122.Final/netty-common-4.1.122.Final.jar)
WARNING: Please consider reporting this to the maintainers of class io.netty.util.internal.PlatformDependent0$2
WARNING: sun.misc.Unsafe::allocateMemory will be removed in a future release
WARNING: A restricted method in java.lang.System has been called
WARNING: java.lang.System::loadLibrary has been called by io.netty.util.internal.NativeLibraryUtil in an unnamed module (file:/root/.m2/repository/io/netty/netty-common/4.1.122.Final/netty-common-4.1.122.Final.jar)
WARNING: Use --enable-native-access=ALL-UNNAMED to avoid a warning for callers in this module
WARNING: Restricted methods will be blocked in a future release unless native access is enabled

2025-10-31 16:16:17.293 [main] INFO  b.u.b.g.i.c.GeospatialServiceInitializer - Initializing geospatial services in value objects...
2025-10-31 16:16:17.293 [main] INFO  b.u.b.g.i.c.GeospatialServiceInitializer - ✅ Geospatial services initialization complete
2025-10-31 16:16:17.293 [main] INFO  b.u.b.g.i.c.GeospatialServiceInitializer -    - All distance calculations use centralized DistanceCalculationService
2025-10-31 16:16:17.293 [main] INFO  b.u.b.g.i.c.GeospatialServiceInitializer -    - Haversine formula: single source of truth
2025-10-31 16:16:17.293 [main] INFO  b.u.b.g.i.c.GeospatialServiceInitializer -    - Location → Coordinates migration: COMPLETED
2025-10-31 16:16:17.294 [main] INFO  b.u.b.g.i.c.GeospatialServiceInitializer -    - RoutePoint → Coordinates migration: COMPLETED
2025-10-31 16:16:17.641 [main] INFO  b.u.b.s.i.config.DebugConfig - DEBUG >>> app.scheduling.enabled = false
2025-10-31 16:16:17.646 [main] INFO  b.u.b.s.i.config.WebSocketConfig - 🔌 WebSocketConfig initialized with handler: VehiclePositionHandler
2025-10-31 16:16:17.714 [main] INFO  o.s.b.a.s.r.ReactiveUserDetailsServiceAutoConfiguration - 

Using generated security password: 56678d68-5d1e-42d5-b4d8-414103508df6

2025-10-31 16:16:17.757 [main] INFO  b.u.b.a.i.s.AdminSecurityConfig - Configuring Admin Security Filter Chain for /api/v1/admin/**
2025-10-31 16:16:17.813 [main] INFO  b.u.b.c.i.s.ClientSecurityConfig - Configuring Client Security Filter Chain for /api/v1/client/** and /api/v1/mobile/**
2025-10-31 16:16:17.815 [main] INFO  b.u.b.s.i.c.PublicSecurityConfig - Configuring Public Security Filter Chain for remaining paths
2025-10-31 16:16:17.831 [main] INFO  b.u.b.s.i.config.CorrelationConfig - Initializing Correlation ID Generator
2025-10-31 16:16:17.832 [main] INFO  b.u.b.s.i.config.CorrelationConfig - Initializing Correlation ID Web Filter
2025-10-31 16:16:17.893 [main] INFO  b.u.b.s.i.config.WebSocketConfig - 🗺️ Registering WebSocket handler mappings...
2025-10-31 16:16:17.894 [main] INFO  b.u.b.s.i.config.WebSocketConfig - ✅ WebSocket mappings registered:
2025-10-31 16:16:17.894 [main] INFO  b.u.b.s.i.config.WebSocketConfig -    📍 /api/v1/ws/vehicle-positions -> VehiclePositionHandler
2025-10-31 16:16:17.996 [main] INFO  o.s.b.a.e.web.EndpointLinksResolver - Exposing 4 endpoints beneath base path '/actuator'
2025-10-31 16:16:18.045 [main] INFO  b.u.b.s.i.config.WebSocketConfig - 🔧 Creating WebSocketHandlerAdapter...
2025-10-31 16:16:18.045 [main] INFO  b.u.b.s.i.config.WebSocketConfig - ✅ WebSocketHandlerAdapter created successfully
2025-10-31 16:16:18.341 [main] DEBUG o.s.c.e.EventListenerMethodProcessor - 1 @EventListener methods processed on bean 'adminBootstrap': {public void biz.ugur.busroutebackend.shared.infrastructure.bootstrap.AdminBootstrap.createDefaultAdminIfNotExists()=@org.springframework.context.event.EventListener(classes={org.springframework.boot.context.event.ApplicationReadyEvent.class}, condition="", defaultExecution=true, id="", value={org.springframework.boot.context.event.ApplicationReadyEvent.class})}
2025-10-31 16:16:18.341 [main] DEBUG o.s.c.e.EventListenerMethodProcessor - 3 @EventListener methods processed on bean 'vehicleEventHandler': {public void biz.ugur.busroutebackend.transport.infrastructure.messaging.VehicleEventHandler.handleVehiclePositionUpdated(biz.ugur.busroutebackend.transport.domain.event.VehiclePositionUpdatedEvent)=@org.springframework.context.event.EventListener(classes={}, condition="", defaultExecution=true, id="", value={}), public void biz.ugur.busroutebackend.transport.infrastructure.messaging.VehicleEventHandler.handleVehicleAssignedToRoute(biz.ugur.busroutebackend.transport.domain.event.VehicleAssignedToRouteEvent)=@org.springframework.context.event.EventListener(classes={}, condition="", defaultExecution=true, id="", value={}), public void biz.ugur.busroutebackend.transport.infrastructure.messaging.VehicleEventHandler.handleVehicleRegistered(biz.ugur.busroutebackend.transport.domain.event.VehicleRegisteredEvent)=@org.springframework.context.event.EventListener(classes={biz.ugur.busroutebackend.transport.domain.event.VehicleRegisteredEvent.class}, condition="", defaultExecution=true, id="", value={biz.ugur.busroutebackend.transport.domain.event.VehicleRegisteredEvent.class})}
2025-10-31 16:16:18.372 [main] INFO  o.s.b.w.e.netty.NettyWebServer - Netty started on port 8080 (http)
2025-10-31 16:16:18.381 [main] INFO  b.u.b.BusRouteBackendApplication - Started BusRouteBackendApplication in 2.728 seconds (process running for 2.871)
2025-10-31 16:16:18.383 [main] INFO  b.u.b.s.i.bootstrap.AdminBootstrap - Checking for default admin user...
2025-10-31 16:16:18.391 [main] INFO  b.u.b.s.i.bootstrap.AdminBootstrap - Creating default admin user: admin
2025-10-31 16:16:18.629 [reactor-tcp-epoll-1] INFO  b.u.b.s.i.bootstrap.AdminBootstrap - Default admin user ensured: admin
2025-10-31 18:18:01.346 [reactor-http-epoll-2] INFO  b.u.b.s.i.c.CorrelationIdWebFilter - Request started - GET /api/v1/admin/stops - Client: 0:0:0:0:0:0:0:1 - CorrelationId: ADMIN-062fd881
2025-10-31 16:17:11.889 [reactor-tcp-epoll-3] WARN  b.u.b.s.i.s.BaseJwtAuthenticationFilter - Principal is null for path: /api/v1/admin/stops
2025-10-31 16:17:11.890 [reactor-tcp-epoll-3] WARN  b.u.b.s.i.s.BaseJwtAuthenticationFilter - JWT authentication failed for path /api/v1/admin/stops: Principal extraction returned empty result - Continuing without auth
2025-10-31 16:17:11.950 [reactor-tcp-epoll-4] INFO  b.u.b.s.i.c.CorrelationIdWebFilter - Request completed successfully - CorrelationId: ADMIN-062fd881
2025-10-31 16:18:40.873 [SpringApplicationShutdownHook] INFO  o.s.b.w.e.netty.GracefulShutdown - Commencing graceful shutdown. Waiting for active requests to complete
2025-10-31 16:18:40.875 [netty-shutdown] INFO  o.s.b.w.e.netty.GracefulShutdown - Graceful shutdown complete
[INFO] ------------------------------------------------------------------------
[INFO] BUILD FAILURE
[INFO] ------------------------------------------------------------------------
[INFO] Total time:  02:33 min
[INFO] Finished at: 2025-10-31T16:18:43+03:00
[INFO] ------------------------------------------------------------------------
[ERROR] Failed to execute goal org.springframework.boot:spring-boot-maven-plugin:3.5.3:run (default-cli) on project bus-route-backend: Process terminated with exit code: 143 -> [Help 1]
[ERROR] 
[ERROR] To see the full stack trace of the errors, re-run Maven with the -e switch.
[ERROR] Re-run Maven using the -X switch to enable full debug logging.
[ERROR] 
[ERROR] For more information about the errors and possible solutions, please read the following articles:
[ERROR] [Help 1] http://cwiki.apache.org/confluence/display/MAVEN/MojoExecutionException
